Component: ARM Compiler 5.06 update 1 (build 61) Tool: armlink [4d35a8]

==============================================================================

Section Cross References

    main.o(i.EXTI3_IRQHandler) refers to stm32f4xx_exti.o(i.EXTI_ClearITPendingBit) for EXTI_ClearITPendingBit
    main.o(i.EXTI3_IRQHandler) refers to mpu6050.o(i.Read_DMP) for Read_DMP
    main.o(i.TimingDelay_Decrement) refers to main.o(.data) for TimingDelay
    main.o(i.main) refers to bsp.o(i.bsp_init) for bsp_init
    main.o(i.main) refers to intsever.o(i.MPU6050_EXTI_Init) for MPU6050_EXTI_Init
    stm32f4xx_it.o(i.SysTick_Handler) refers to main.o(i.TimingDelay_Decrement) for TimingDelay_Decrement
    system_stm32f4xx.o(i.SystemCoreClockUpdate) refers to system_stm32f4xx.o(.data) for SystemCoreClock
    system_stm32f4xx.o(i.SystemInit) refers to system_stm32f4xx.o(i.SetSysClock) for SetSysClock
    startup_stm32f40xx.o(STACK) refers (Special) to heapauxi.o(.text) for __use_two_region_memory
    startup_stm32f40xx.o(HEAP) refers (Special) to heapauxi.o(.text) for __use_two_region_memory
    startup_stm32f40xx.o(RESET) refers (Special) to heapauxi.o(.text) for __use_two_region_memory
    startup_stm32f40xx.o(RESET) refers to startup_stm32f40xx.o(STACK) for __initial_sp
    startup_stm32f40xx.o(RESET) refers to startup_stm32f40xx.o(.text) for Reset_Handler
    startup_stm32f40xx.o(RESET) refers to stm32f4xx_it.o(i.NMI_Handler) for NMI_Handler
    startup_stm32f40xx.o(RESET) refers to stm32f4xx_it.o(i.HardFault_Handler) for HardFault_Handler
    startup_stm32f40xx.o(RESET) refers to stm32f4xx_it.o(i.MemManage_Handler) for MemManage_Handler
    startup_stm32f40xx.o(RESET) refers to stm32f4xx_it.o(i.BusFault_Handler) for BusFault_Handler
    startup_stm32f40xx.o(RESET) refers to stm32f4xx_it.o(i.UsageFault_Handler) for UsageFault_Handler
    startup_stm32f40xx.o(RESET) refers to stm32f4xx_it.o(i.SVC_Handler) for SVC_Handler
    startup_stm32f40xx.o(RESET) refers to stm32f4xx_it.o(i.DebugMon_Handler) for DebugMon_Handler
    startup_stm32f40xx.o(RESET) refers to stm32f4xx_it.o(i.PendSV_Handler) for PendSV_Handler
    startup_stm32f40xx.o(RESET) refers to stm32f4xx_it.o(i.SysTick_Handler) for SysTick_Handler
    startup_stm32f40xx.o(RESET) refers to main.o(i.EXTI3_IRQHandler) for EXTI3_IRQHandler
    startup_stm32f40xx.o(RESET) refers to usart1.o(i.USART2_IRQHandler) for USART2_IRQHandler
    startup_stm32f40xx.o(.text) refers (Special) to heapauxi.o(.text) for __use_two_region_memory
    startup_stm32f40xx.o(.text) refers to system_stm32f4xx.o(i.SystemInit) for SystemInit
    startup_stm32f40xx.o(.text) refers to __main.o(!!!main) for __main
    startup_stm32f40xx.o(.text) refers to startup_stm32f40xx.o(HEAP) for Heap_Mem
    startup_stm32f40xx.o(.text) refers to startup_stm32f40xx.o(STACK) for Stack_Mem
    stm32f4xx_adc.o(i.ADC_DeInit) refers to stm32f4xx_rcc.o(i.RCC_APB2PeriphResetCmd) for RCC_APB2PeriphResetCmd
    stm32f4xx_can.o(i.CAN_DeInit) refers to stm32f4xx_rcc.o(i.RCC_APB1PeriphResetCmd) for RCC_APB1PeriphResetCmd
    stm32f4xx_can.o(i.CAN_GetITStatus) refers to stm32f4xx_can.o(i.CheckITStatus) for CheckITStatus
    stm32f4xx_dac.o(i.DAC_DeInit) refers to stm32f4xx_rcc.o(i.RCC_APB1PeriphResetCmd) for RCC_APB1PeriphResetCmd
    stm32f4xx_flash.o(i.FLASH_EraseAllBank1Sectors) refers to stm32f4xx_flash.o(i.FLASH_WaitForLastOperation) for FLASH_WaitForLastOperation
    stm32f4xx_flash.o(i.FLASH_EraseAllBank2Sectors) refers to stm32f4xx_flash.o(i.FLASH_WaitForLastOperation) for FLASH_WaitForLastOperation
    stm32f4xx_flash.o(i.FLASH_EraseAllSectors) refers to stm32f4xx_flash.o(i.FLASH_WaitForLastOperation) for FLASH_WaitForLastOperation
    stm32f4xx_flash.o(i.FLASH_EraseSector) refers to stm32f4xx_flash.o(i.FLASH_WaitForLastOperation) for FLASH_WaitForLastOperation
    stm32f4xx_flash.o(i.FLASH_OB_Launch) refers to stm32f4xx_flash.o(i.FLASH_WaitForLastOperation) for FLASH_WaitForLastOperation
    stm32f4xx_flash.o(i.FLASH_OB_PCROP1Config) refers to stm32f4xx_flash.o(i.FLASH_WaitForLastOperation) for FLASH_WaitForLastOperation
    stm32f4xx_flash.o(i.FLASH_OB_PCROPConfig) refers to stm32f4xx_flash.o(i.FLASH_WaitForLastOperation) for FLASH_WaitForLastOperation
    stm32f4xx_flash.o(i.FLASH_OB_RDPConfig) refers to stm32f4xx_flash.o(i.FLASH_WaitForLastOperation) for FLASH_WaitForLastOperation
    stm32f4xx_flash.o(i.FLASH_OB_UserConfig) refers to stm32f4xx_flash.o(i.FLASH_WaitForLastOperation) for FLASH_WaitForLastOperation
    stm32f4xx_flash.o(i.FLASH_OB_WRP1Config) refers to stm32f4xx_flash.o(i.FLASH_WaitForLastOperation) for FLASH_WaitForLastOperation
    stm32f4xx_flash.o(i.FLASH_OB_WRPConfig) refers to stm32f4xx_flash.o(i.FLASH_WaitForLastOperation) for FLASH_WaitForLastOperation
    stm32f4xx_flash.o(i.FLASH_ProgramByte) refers to stm32f4xx_flash.o(i.FLASH_WaitForLastOperation) for FLASH_WaitForLastOperation
[...]
    i.dmp_set_orientation                    0x08003ed0   Section        0  inv_mpu_dmp_motion_driver.o(i.dmp_set_orientation)
    i.dmp_set_shake_reject_thresh            0x08004008   Section        0  inv_mpu_dmp_motion_driver.o(i.dmp_set_shake_reject_thresh)
    i.dmp_set_shake_reject_time              0x08004040   Section        0  inv_mpu_dmp_motion_driver.o(i.dmp_set_shake_reject_time)
    i.dmp_set_shake_reject_timeout           0x08004066   Section        0  inv_mpu_dmp_motion_driver.o(i.dmp_set_shake_reject_timeout)
    i.dmp_set_tap_axes                       0x0800408c   Section        0  inv_mpu_dmp_motion_driver.o(i.dmp_set_tap_axes)
    i.dmp_set_tap_count                      0x080040d2   Section        0  inv_mpu_dmp_motion_driver.o(i.dmp_set_tap_count)
    i.dmp_set_tap_thresh                     0x080040f8   Section        0  inv_mpu_dmp_motion_driver.o(i.dmp_set_tap_thresh)
    i.dmp_set_tap_time                       0x080042b8   Section        0  inv_mpu_dmp_motion_driver.o(i.dmp_set_tap_time)
    i.dmp_set_tap_time_multi                 0x080042de   Section        0  inv_mpu_dmp_motion_driver.o(i.dmp_set_tap_time_multi)
    i.fabs                                   0x08004304   Section        0  fabs.o(i.fabs)
    i.fputc                                  0x0800431c   Section        0  usart1.o(i.fputc)
    i.get_accel_prod_shift                   0x08004338   Section        0  inv_mpu.o(i.get_accel_prod_shift)
    get_accel_prod_shift                     0x08004339   Thumb Code   190  inv_mpu.o(i.get_accel_prod_shift)
    i.get_st_biases                          0x08004408   Section        0  inv_mpu.o(i.get_st_biases)
    get_st_biases                            0x08004409   Thumb Code  1132  inv_mpu.o(i.get_st_biases)
    i.gyro_self_test                         0x08004878   Section        0  inv_mpu.o(i.gyro_self_test)
    gyro_self_test                           0x08004879   Thumb Code   262  inv_mpu.o(i.gyro_self_test)
    i.i2cRead                                0x08004994   Section        0  ioi2c.o(i.i2cRead)
    i.i2cWrite                               0x08004a0a   Section        0  ioi2c.o(i.i2cWrite)
    i.inv_orientation_matrix_to_scalar       0x08004a6a   Section        0  mpu6050.o(i.inv_orientation_matrix_to_scalar)
    inv_orientation_matrix_to_scalar         0x08004a6b   Thumb Code    40  mpu6050.o(i.inv_orientation_matrix_to_scalar)
    i.inv_row_2_scale                        0x08004a92   Section        0  mpu6050.o(i.inv_row_2_scale)
    inv_row_2_scale                          0x08004a93   Thumb Code    78  mpu6050.o(i.inv_row_2_scale)
    i.main                                   0x08004ae0   Section        0  main.o(i.main)
    i.mpu_configure_fifo                     0x08004aec   Section        0  inv_mpu.o(i.mpu_configure_fifo)
    i.mpu_get_accel_fsr                      0x08004b5c   Section        0  inv_mpu.o(i.mpu_get_accel_fsr)
    i.mpu_get_accel_sens                     0x08004ba8   Section        0  inv_mpu.o(i.mpu_get_accel_sens)
    i.mpu_get_fifo_config                    0x08004bfc   Section        0  inv_mpu.o(i.mpu_get_fifo_config)
    i.mpu_get_gyro_fsr                       0x08004c0c   Section        0  inv_mpu.o(i.mpu_get_gyro_fsr)
    i.mpu_get_gyro_sens                      0x08004c50   Section        0  inv_mpu.o(i.mpu_get_gyro_sens)
    i.mpu_get_lpf                            0x08004cb0   Section        0  inv_mpu.o(i.mpu_get_lpf)
    i.mpu_get_sample_rate                    0x08004d00   Section        0  inv_mpu.o(i.mpu_get_sample_rate)
    i.mpu_init                               0x08004d20   Section        0  inv_mpu.o(i.mpu_init)
    i.mpu_load_firmware                      0x08004f10   Section        0  inv_mpu.o(i.mpu_load_firmware)
    i.mpu_lp_accel_mode                      0x08004fc8   Section        0  inv_mpu.o(i.mpu_lp_accel_mode)
    i.mpu_read_fifo_stream                   0x080050a8   Section        0  inv_mpu.o(i.mpu_read_fifo_stream)
    i.mpu_read_mem                           0x08005168   Section        0  inv_mpu.o(i.mpu_read_mem)
    i.mpu_reset_fifo                         0x080051e8   Section        0  inv_mpu.o(i.mpu_reset_fifo)
    i.mpu_run_self_test                      0x080053a4   Section        0  inv_mpu.o(i.mpu_run_self_test)
    i.mpu_set_accel_fsr                      0x080054c0   Section        0  inv_mpu.o(i.mpu_set_accel_fsr)
    i.mpu_set_bypass                         0x08005544   Section        0  inv_mpu.o(i.mpu_set_bypass)
    i.mpu_set_dmp_state                      0x08005690   Section        0  inv_mpu.o(i.mpu_set_dmp_state)
    i.mpu_set_gyro_fsr                       0x08005720   Section        0  inv_mpu.o(i.mpu_set_gyro_fsr)
    i.mpu_set_int_latched                    0x080057a8   Section        0  inv_mpu.o(i.mpu_set_int_latched)
    i.mpu_set_lpf                            0x08005814   Section        0  inv_mpu.o(i.mpu_set_lpf)
    i.mpu_set_sample_rate                    0x08005898   Section        0  inv_mpu.o(i.mpu_set_sample_rate)
    i.mpu_set_sensors                        0x08005934   Section        0  inv_mpu.o(i.mpu_set_sensors)
    i.mpu_write_mem                          0x08005a04   Section        0  inv_mpu.o(i.mpu_write_mem)
    i.myget_ms                               0x08005a84   Section        0  inv_mpu.o(i.myget_ms)
    i.run_self_test                          0x08005a86   Section        0  mpu6050.o(i.run_self_test)
    run_self_test                            0x08005a87   Thumb Code   150  mpu6050.o(i.run_self_test)
    i.set_int_enable                         0x08005b1c   Section        0  inv_mpu.o(i.set_int_enable)
    set_int_enable                           0x08005b1d   Thumb Code   138  inv_mpu.o(i.set_int_enable)
    i.sqrt                                   0x08005bac   Section        0  sqrt.o(i.sqrt)
    i.uart_init                              0x08005c1c   Section        0  usart1.o(i.uart_init)
    locale$$code                             0x08005cc8   Section       44  lc_numeric_c.o(locale$$code)
    x$fpl$basic                              0x08005cf4   Section       24  basic.o(x$fpl$basic)
    $v0                                      0x08005cf4   Number         0  basic.o(x$fpl$basic)
    x$fpl$d2f                                0x08005d0c   Section       98  d2f.o(x$fpl$d2f)
    $v0                                      0x08005d0c   Number         0  d2f.o(x$fpl$d2f)
    x$fpl$dadd                               0x08005d70   Section      336  daddsub_clz.o(x$fpl$dadd)
    $v0                                      0x08005d70   Number         0  daddsub_clz.o(x$fpl$dadd)
    _dadd1                                   0x08005d81   Thumb Code     0  daddsub_clz.o(x$fpl$dadd)
    x$fpl$ddiv                               0x08005ec0   Section      688  ddiv.o(x$fpl$ddiv)
    $v0                                      0x08005ec0   Number         0  ddiv.o(x$fpl$ddiv)
    ddiv_entry                               0x08005ec7   Thumb Code     0  ddiv.o(x$fpl$ddiv)
    x$fpl$dmul                               0x08006170   Section      340  dmul.o(x$fpl$dmul)
    $v0                                      0x08006170   Number         0  dmul.o(x$fpl$dmul)
    x$fpl$dnaninf                            0x080062c4   Section      156  dnaninf.o(x$fpl$dnaninf)
    $v0                                      0x080062c4   Number         0  dnaninf.o(x$fpl$dnaninf)
    x$fpl$dretinf                            0x08006360   Section       12  dretinf.o(x$fpl$dretinf)
    $v0                                      0x08006360   Number         0  dretinf.o(x$fpl$dretinf)
    x$fpl$drsb                               0x0800636c   Section       22  daddsub_clz.o(x$fpl$drsb)
    $v0                                      0x0800636c   Number         0  daddsub_clz.o(x$fpl$drsb)
    x$fpl$dsqrt                              0x08006384   Section      408  dsqrt_umaal.o(x$fpl$dsqrt)
    $v0                                      0x08006384   Number         0  dsqrt_umaal.o(x$fpl$dsqrt)
    x$fpl$dsub                               0x0800651c   Section      468  daddsub_clz.o(x$fpl$dsub)
    $v0                                      0x0800651c   Number         0  daddsub_clz.o(x$fpl$dsub)
    _dsub1                                   0x0800652d   Thumb Code     0  daddsub_clz.o(x$fpl$dsub)
    x$fpl$f2d                                0x080066f0   Section       86  f2d.o(x$fpl$f2d)
    $v0                                      0x080066f0   Number         0  f2d.o(x$fpl$f2d)
    x$fpl$fnaninf                            0x08006746   Section      140  fnaninf.o(x$fpl$fnaninf)
    $v0                                      0x08006746   Number         0  fnaninf.o(x$fpl$fnaninf)
    x$fpl$fpinit                             0x080067d2   Section       10  fpinit.o(x$fpl$fpinit)
    $v0                                      0x080067d2   Number         0  fpinit.o(x$fpl$fpinit)
    x$fpl$fretinf                            0x080067dc   Section       10  fretinf.o(x$fpl$fretinf)
    $v0                                      0x080067dc   Number         0  fretinf.o(x$fpl$fretinf)
    x$fpl$printf1                            0x080067e6   Section        4  printf1.o(x$fpl$printf1)
    $v0                                      0x080067e6   Number         0  printf1.o(x$fpl$printf1)
    x$fpl$usenofp                            0x080067ea   Section        0  usenofp.o(x$fpl$usenofp)
    .constdata                               0x080067ec   Section       80  inv_mpu.o(.constdata)
    .constdata                               0x0800683c   Section     3062  inv_mpu_dmp_motion_driver.o(.constdata)
    dmp_memory                               0x0800683c   Data        3062  inv_mpu_dmp_motion_driver.o(.constdata)
    .constdata                               0x08007438   Section       80  asin.o(.constdata)
    pS                                       0x08007438   Data          48  asin.o(.constdata)
    qS                                       0x08007468   Data          32  asin.o(.constdata)
    .constdata                               0x08007488   Section      152  atan.o(.constdata)
    atanhi                                   0x08007488   Data          32  atan.o(.constdata)
    atanlo                                   0x080074a8   Data          32  atan.o(.constdata)
    aTodd                                    0x080074c8   Data          40  atan.o(.constdata)
    aTeven                                   0x080074f0   Data          48  atan.o(.constdata)
    .constdata                               0x08007520   Section        8  qnan.o(.constdata)
    .constdata                               0x08007528   Section      148  bigflt0.o(.constdata)
    tenpwrs_x                                0x08007528   Data          60  bigflt0.o(.constdata)
    tenpwrs_i                                0x08007564   Data          64  bigflt0.o(.constdata)
    .conststring                             0x080075bc   Section       78  inv_mpu.o(.conststring)
    locale$$data                             0x0800762c   Section       28  lc_numeric_c.o(locale$$data)
    __lcnum_c_name                           0x08007630   Data           2  lc_numeric_c.o(locale$$data)
    __lcnum_c_start                          0x08007638   Data           0  lc_numeric_c.o(locale$$data)
    __lcnum_c_point                          0x08007644   Data           0  lc_numeric_c.o(locale$$data)
    __lcnum_c_thousands                      0x08007646   Data           0  lc_numeric_c.o(locale$$data)
    __lcnum_c_grouping                       0x08007647   Data           0  lc_numeric_c.o(locale$$data)
    __lcnum_c_end                            0x08007648   Data           0  lc_numeric_c.o(locale$$data)
    .data                                    0x20000000   Section        4  main.o(.data)
    .data                                    0x20000004   Section       20  system_stm32f4xx.o(.data)
    .data                                    0x20000018   Section       16  stm32f4xx_rcc.o(.data)
    APBAHBPrescTable                         0x20000018   Data          16  stm32f4xx_rcc.o(.data)
    .data                                    0x20000028   Section        4  delay.o(.data)
    fac_us                                   0x20000028   Data           1  delay.o(.data)
    fac_ms                                   0x2000002a   Data           2  delay.o(.data)
    .data                                    0x2000002c   Section        4  usart1.o(.data)
    .data                                    0x20000030   Section       60  mpu6050.o(.data)
    gyro_orientation                         0x2000005c   Data           9  mpu6050.o(.data)
    .data                                    0x2000006c   Section       44  inv_mpu.o(.data)
    st                                       0x2000006c   Data          44  inv_mpu.o(.data)
    .bss                                     0x20000098   Section       16  inv_mpu_dmp_motion_driver.o(.bss)
    dmp                                      0x20000098   Data          16  inv_mpu_dmp_motion_driver.o(.bss)
    .bss                                     0x200000a8   Section       96  libspace.o(.bss)
    HEAP                                     0x20000108   Section      512  startup_stm32f40xx.o(HEAP)
    Heap_Mem                                 0x20000108   Data         512  startup_stm32f40xx.o(HEAP)
    STACK                                    0x20000308   Section     1024  startup_stm32f40xx.o(STACK)
    Stack_Mem                                0x20000308   Data        1024  startup_stm32f40xx.o(STACK)
    __initial_sp                             0x20000708   Data           0  startup_stm32f40xx.o(STACK)

    Global Symbols

    Symbol Name                              Value     Ov Type        Size  Object(Section)

    BuildAttributes$$THM_ISAv4$E$P$D$K$B$S$7EM$VFPi3$EXTD16$VFPS$VFMA$PE$A:L22UL41UL21$X:L11$S22US41US21$IEEE1$IW$USESV6$~STKCKD$USESV7$~SHL$OTIME$ROPI$IEEEX$EBA8$UX$STANDARDLIB$REQ8$PRES8$EABIv2 0x00000000   Number         0  anon$$obj.o ABSOLUTE
    __ARM_use_no_argv                        0x00000000   Number         0  main.o ABSOLUTE
    _printf_flags                            0x00000000   Number         0  printf_stubs.o ABSOLUTE
    _printf_return_value                     0x00000000   Number         0  printf_stubs.o ABSOLUTE
    _printf_sizespec                         0x00000000   Number         0  printf_stubs.o ABSOLUTE
    _printf_widthprec                        0x00000000   Number         0  printf_stubs.o ABSOLUTE
    __ARM_exceptions_init                     - Undefined Weak Reference
    __alloca_initialize                       - Undefined Weak Reference
    __arm_preinit_                            - Undefined Weak Reference
    __cpp_initialize__aeabi_                  - Undefined Weak Reference
    __cxa_finalize                            - Undefined Weak Reference
    __sigvec_lookup                           - Undefined Weak Reference
    _atexit_init                              - Undefined Weak Reference
    _call_atexit_fns                          - Undefined Weak Reference
    _clock_init                               - Undefined Weak Reference
    _fp_trap_init                             - Undefined Weak Reference
    _fp_trap_shutdown                         - Undefined Weak Reference
    _get_lc_collate                           - Undefined Weak Reference
    _get_lc_ctype                             - Undefined Weak Reference
    _get_lc_monetary                          - Undefined Weak Reference
    _get_lc_time                              - Undefined Weak Reference
    _getenv_init                              - Undefined Weak Reference
    _handle_redirection                       - Undefined Weak Reference
    _init_alloc                               - Undefined Weak Reference
    _init_user_alloc                          - Undefined Weak Reference
    _initio                                   - Undefined Weak Reference
    _mutex_acquire                            - Undefined Weak Reference
    _mutex_release                            - Undefined Weak Reference
    _printf_post_padding                      - Undefined Weak Reference
    _printf_pre_padding                       - Undefined Weak Reference
    _printf_truncate_signed                   - Undefined Weak Reference
    _printf_truncate_unsigned                 - Undefined Weak Reference
    _rand_init                                - Undefined Weak Reference
    _signal_finish                            - Undefined Weak Reference
    _signal_init                              - Undefined Weak Reference
    _terminate_alloc                          - Undefined Weak Reference
    _terminate_user_alloc                     - Undefined Weak Reference
    _terminateio                              - Undefined Weak Reference
    __Vectors_Size                           0x00000188   Number         0  startup_stm32f40xx.o ABSOLUTE
    __Vectors                                0x08000000   Data           4  startup_stm32f40xx.o(RESET)
    __Vectors_End                            0x08000188   Data           0  startup_stm32f40xx.o(RESET)
    __main                                   0x08000189   Thumb Code     8  __main.o(!!!main)
    __scatterload                            0x08000191   Thumb Code     0  __scatter.o(!!!scatter)
    __scatterload_rt2                        0x08000191   Thumb Code    44  __scatter.o(!!!scatter)
    __scatterload_rt2_thumb_only             0x08000191   Thumb Code     0  __scatter.o(!!!scatter)
    __scatterload_null                       0x0800019f   Thumb Code     0  __scatter.o(!!!scatter)
    __scatterload_copy                       0x080001c5   Thumb Code    26  __scatter_copy.o(!!handler_copy)
    __scatterload_zeroinit                   0x080001e1   Thumb Code    28  __scatter_zi.o(!!handler_zi)
    _printf_f                                0x080001fd   Thumb Code     0  _printf_f.o(.ARM.Collect$$_printf_percent$$00000003)
    _printf_percent                          0x080001fd   Thumb Code     0  _printf_percent.o(.ARM.Collect$$_printf_percent$$00000000)
    _printf_d                                0x08000203   Thumb Code     0  _printf_d.o(.ARM.Collect$$_printf_percent$$00000009)
    _printf_percent_end                      0x08000209   Thumb Code     0  _printf_percent_end.o(.ARM.Collect$$_printf_percent$$00000017)
    __rt_lib_init                            0x0800020d   Thumb Code     0  libinit.o(.ARM.Collect$$libinit$$00000000)
    __rt_lib_init_fp_1                       0x0800020f   Thumb Code     0  libinit2.o(.ARM.Collect$$libinit$$00000001)
    __rt_lib_init_heap_1                     0x08000213   Thumb Code     0  libinit2.o(.ARM.Collect$$libinit$$0000000A)
    __rt_lib_init_lc_common                  0x08000213   Thumb Code     0  libinit2.o(.ARM.Collect$$libinit$$0000000F)
    __rt_lib_init_preinit_1                  0x08000213   Thumb Code     0  libinit2.o(.ARM.Collect$$libinit$$00000004)
    __rt_lib_init_rand_1                     0x08000213   Thumb Code     0  libinit2.o(.ARM.Collect$$libinit$$0000000E)
    __rt_lib_init_user_alloc_1               0x08000213   Thumb Code     0  libinit2.o(.ARM.Collect$$libinit$$0000000C)
    __rt_lib_init_lc_collate_1               0x08000219   Thumb Code     0  libinit2.o(.ARM.Collect$$libinit$$00000011)
    __rt_lib_init_lc_ctype_1                 0x08000219   Thumb Code     0  libinit2.o(.ARM.Collect$$libinit$$00000013)
    __rt_lib_init_lc_monetary_1              0x08000219   Thumb Code     0  libinit2.o(.ARM.Collect$$libinit$$00000015)
    __rt_lib_init_lc_numeric_2               0x08000219   Thumb Code     0  libinit2.o(.ARM.Collect$$libinit$$00000016)
    __rt_lib_init_alloca_1                   0x08000223   Thumb Code     0  libinit2.o(.ARM.Collect$$libinit$$0000002E)
    __rt_lib_init_argv_1                     0x08000223   Thumb Code     0  libinit2.o(.ARM.Collect$$libinit$$0000002C)
    __rt_lib_init_atexit_1                   0x08000223   Thumb Code     0  libinit2.o(.ARM.Collect$$libinit$$0000001B)
    __rt_lib_init_clock_1                    0x08000223   Thumb Code     0  libinit2.o(.ARM.Collect$$libinit$$00000021)
    __rt_lib_init_cpp_1                      0x08000223   Thumb Code     0  libinit2.o(.ARM.Collect$$libinit$$00000032)
    __rt_lib_init_exceptions_1               0x08000223   Thumb Code     0  libinit2.o(.ARM.Collect$$libinit$$00000030)
    __rt_lib_init_fp_trap_1                  0x08000223   Thumb Code     0  libinit2.o(.ARM.Collect$$libinit$$0000001F)
    __rt_lib_init_getenv_1                   0x08000223   Thumb Code     0  libinit2.o(.ARM.Collect$$libinit$$00000023)
    __rt_lib_init_lc_numeric_1               0x08000223   Thumb Code     0  libinit2.o(.ARM.Collect$$libinit$$00000017)
    __rt_lib_init_lc_time_1                  0x08000223   Thumb Code     0  libinit2.o(.ARM.Collect$$libinit$$00000019)
    __rt_lib_init_return                     0x08000223   Thumb Code     0  libinit2.o(.ARM.Collect$$libinit$$00000033)
    __rt_lib_init_signal_1                   0x08000223   Thumb Code     0  libinit2.o(.ARM.Collect$$libinit$$0000001D)
    __rt_lib_init_stdio_1                    0x08000223   Thumb Code     0  libinit2.o(.ARM.Collect$$libinit$$00000025)
    __rt_lib_shutdown                        0x08000225   Thumb Code     0  libshutdown.o(.ARM.Collect$$libshutdown$$00000000)
    __rt_lib_shutdown_cpp_1                  0x08000227   Thumb Code     0  libshutdown2.o(.ARM.Collect$$libshutdown$$00000002)
    __rt_lib_shutdown_fp_trap_1              0x08000227   Thumb Code     0  libshutdown2.o(.ARM.Collect$$libshutdown$$00000007)
    __rt_lib_shutdown_heap_1                 0x08000227   Thumb Code     0  libshutdown2.o(.ARM.Collect$$libshutdown$$0000000F)
    __rt_lib_shutdown_return                 0x08000227   Thumb Code     0  libshutdown2.o(.ARM.Collect$$libshutdown$$00000010)
    __rt_lib_shutdown_signal_1               0x08000227   Thumb Code     0  libshutdown2.o(.ARM.Collect$$libshutdown$$0000000A)
    __rt_lib_shutdown_stdio_1                0x08000227   Thumb Code     0  libshutdown2.o(.ARM.Collect$$libshutdown$$00000004)
    __rt_lib_shutdown_user_alloc_1           0x08000227   Thumb Code     0  libshutdown2.o(.ARM.Collect$$libshutdown$$0000000C)
    __rt_entry                               0x08000229   Thumb Code     0  __rtentry.o(.ARM.Collect$$rtentry$$00000000)
    __rt_entry_presh_1                       0x08000229   Thumb Code     0  __rtentry2.o(.ARM.Collect$$rtentry$$00000002)
    __rt_entry_sh                            0x08000229   Thumb Code     0  __rtentry4.o(.ARM.Collect$$rtentry$$00000004)
    __rt_entry_li                            0x0800022f   Thumb Code     0  __rtentry2.o(.ARM.Collect$$rtentry$$0000000A)
    __rt_entry_postsh_1                      0x0800022f   Thumb Code     0  __rtentry2.o(.ARM.Collect$$rtentry$$00000009)
    __rt_entry_main                          0x08000233   Thumb Code     0  __rtentry2.o(.ARM.Collect$$rtentry$$0000000D)
    __rt_entry_postli_1                      0x08000233   Thumb Code     0  __rtentry2.o(.ARM.Collect$$rtentry$$0000000C)
    __rt_exit                                0x0800023b   Thumb Code     0  rtexit.o(.ARM.Collect$$rtexit$$00000000)
    __rt_exit_ls                             0x0800023d   Thumb Code     0  rtexit2.o(.ARM.Collect$$rtexit$$00000003)
    __rt_exit_prels_1                        0x0800023d   Thumb Code     0  rtexit2.o(.ARM.Collect$$rtexit$$00000002)
    __rt_exit_exit                           0x08000241   Thumb Code     0  rtexit2.o(.ARM.Collect$$rtexit$$00000004)
    Reset_Handler                            0x08000249   Thumb Code     8  startup_stm32f40xx.o(.text)
    ADC_IRQHandler                           0x08000263   Thumb Code     0  startup_stm32f40xx.o(.text)
    CAN1_RX0_IRQHandler                      0x08000263   Thumb Code     0  startup_stm32f40xx.o(.text)
    CAN1_RX1_IRQHandler                      0x08000263   Thumb Code     0  startup_stm32f40xx.o(.text)
    CAN1_SCE_IRQHandler                      0x08000263   Thumb Code     0  startup_stm32f40xx.o(.text)
    CAN1_TX_IRQHandler                       0x08000263   Thumb Code     0  startup_stm32f40xx.o(.text)
    CAN2_RX0_IRQHandler                      0x08000263   Thumb Code     0  startup_stm32f40xx.o(.text)
    CAN2_RX1_IRQHandler                      0x08000263   Thumb Code     0  startup_stm32f40xx.o(.text)
    CAN2_SCE_IRQHandler                      0x08000263   Thumb Code     0  startup_stm32f40xx.o(.text)
    CAN2_TX_IRQHandler                       0x08000263   Thumb Code     0  startup_stm32f40xx.o(.text)
    CRYP_IRQHandler                          0x08000263   Thumb Code     0  startup_stm32f40xx.o(.text)
    DCMI_IRQHandler                          0x08000263   Thumb Code     0  startup_stm32f40xx.o(.text)
    DMA1_Stream0_IRQHandler                  0x08000263   Thumb Code     0  startup_stm32f40xx.o(.text)
    DMA1_Stream1_IRQHandler                  0x08000263   Thumb Code     0  startup_stm32f40xx.o(.text)
    DMA1_Stream2_IRQHandler                  0x08000263   Thumb Code     0  startup_stm32f40xx.o(.text)
    DMA1_Stream3_IRQHandler                  0x08000263   Thumb Code     0  startup_stm32f40xx.o(.text)
    DMA1_Stream4_IRQHandler                  0x08000263   Thumb Code     0  startup_stm32f40xx.o(.text)
    DMA1_Stream5_IRQHandler                  0x08000263   Thumb Code     0  startup_stm32f40xx.o(.text)
    DMA1_Stream6_IRQHandler                  0x08000263   Thumb Code     0  startup_stm32f40xx.o(.text)
    DMA1_Stream7_IRQHandler                  0x08000263   Thumb Code     0  startup_stm32f40xx.o(.text)
    DMA2_Stream0_IRQHandler                  0x08000263   Thumb Code     0  startup_stm32f40xx.o(.text)
    DMA2_Stream1_IRQHandler                  0x08000263   Thumb Code     0  startup_stm32f40xx.o(.text)
    DMA2_Stream2_IRQHandler                  0x08000263   Thumb Code     0  startup_stm32f40xx.o(.text)
    DMA2_Stream3_IRQHandler                  0x08000263   Thumb Code     0  startup_stm32f40xx.o(.text)
    DMA2_Stream4_IRQHandler                  0x08000263   Thumb Code     0  startup_stm32f40xx.o(.text)
    DMA2_Stream5_IRQHandler                  0x08000263   Thumb Code     0  startup_stm32f40xx.o(.text)
    DMA2_Stream6_IRQHandler                  0x08000263   Thumb Code     0  startup_stm32f40xx.o(.text)
    DMA2_Stream7_IRQHandler                  0x08000263   Thumb Code     0  startup_stm32f40xx.o(.text)
    ETH_IRQHandler                           0x08000263   Thumb Code     0  startup_stm32f40xx.o(.text)
    ETH_WKUP_IRQHandler                      0x08000263   Thumb Code     0  startup_stm32f40xx.o(.text)
    EXTI0_IRQHandler                         0x08000263   Thumb Code     0  startup_stm32f40xx.o(.text)
    EXTI15_10_IRQHandler                     0x08000263   Thumb Code     0  startup_stm32f40xx.o(.text)
    EXTI1_IRQHandler                         0x08000263   Thumb Code     0  startup_stm32f40xx.o(.text)
    EXTI2_IRQHandler                         0x08000263   Thumb Code     0  startup_stm32f40xx.o(.text)
    EXTI4_IRQHandler                         0x08000263   Thumb Code     0  startup_stm32f40xx.o(.text)
    EXTI9_5_IRQHandler                       0x08000263   Thumb Code     0  startup_stm32f40xx.o(.text)
    FLASH_IRQHandler                         0x08000263   Thumb Code     0  startup_stm32f40xx.o(.text)
    FPU_IRQHandler                           0x08000263   Thumb Code     0  startup_stm32f40xx.o(.text)
    FSMC_IRQHandler                          0x08000263   Thumb Code     0  startup_stm32f40xx.o(.text)
    HASH_RNG_IRQHandler                      0x08000263   Thumb Code     0  startup_stm32f40xx.o(.text)
    I2C1_ER_IRQHandler                       0x08000263   Thumb Code     0  startup_stm32f40xx.o(.text)
    I2C1_EV_IRQHandler                       0x08000263   Thumb Code     0  startup_stm32f40xx.o(.text)
    I2C2_ER_IRQHandler                       0x08000263   Thumb Code     0  startup_stm32f40xx.o(.text)
    I2C2_EV_IRQHandler                       0x08000263   Thumb Code     0  startup_stm32f40xx.o(.text)
    I2C3_ER_IRQHandler                       0x08000263   Thumb Code     0  startup_stm32f40xx.o(.text)
    I2C3_EV_IRQHandler                       0x08000263   Thumb Code     0  startup_stm32f40xx.o(.text)
    OTG_FS_IRQHandler                        0x08000263   Thumb Code     0  startup_stm32f40xx.o(.text)
    OTG_FS_WKUP_IRQHandler                   0x08000263   Thumb Code     0  startup_stm32f40xx.o(.text)
    OTG_HS_EP1_IN_IRQHandler                 0x08000263   Thumb Code     0  startup_stm32f40xx.o(.text)
    OTG_HS_EP1_OUT_IRQHandler                0x08000263   Thumb Code     0  startup_stm32f40xx.o(.text)
    OTG_HS_IRQHandler                        0x08000263   Thumb Code     0  startup_stm32f40xx.o(.text)
    OTG_HS_WKUP_IRQHandler                   0x08000263   Thumb Code     0  startup_stm32f40xx.o(.text)
    PVD_IRQHandler                           0x08000263   Thumb Code     0  startup_stm32f40xx.o(.text)
    RCC_IRQHandler                           0x08000263   Thumb Code     0  startup_stm32f40xx.o(.text)
    RTC_Alarm_IRQHandler                     0x08000263   Thumb Code     0  startup_stm32f40xx.o(.text)
    RTC_WKUP_IRQHandler                      0x08000263   Thumb Code     0  startup_stm32f40xx.o(.text)
    SDIO_IRQHandler                          0x08000263   Thumb Code     0  startup_stm32f40xx.o(.text)
    SPI1_IRQHandler                          0x08000263   Thumb Code     0  startup_stm32f40xx.o(.text)
    SPI2_IRQHandler                          0x08000263   Thumb Code     0  startup_stm32f40xx.o(.text)
    SPI3_IRQHandler                          0x08000263   Thumb Code     0  startup_stm32f40xx.o(.text)
    TAMP_STAMP_IRQHandler                    0x08000263   Thumb Code     0  startup_stm32f40xx.o(.text)
    TIM1_BRK_TIM9_IRQHandler                 0x08000263   Thumb Code     0  startup_stm32f40xx.o(.text)
    TIM1_CC_IRQHandler                       0x08000263   Thumb Code     0  startup_stm32f40xx.o(.text)
    TIM1_TRG_COM_TIM11_IRQHandler            0x08000263   Thumb Code     0  startup_stm32f40xx.o(.text)
    TIM1_UP_TIM10_IRQHandler                 0x08000263   Thumb Code     0  startup_stm32f40xx.o(.text)
    TIM2_IRQHandler                          0x08000263   Thumb Code     0  startup_stm32f40xx.o(.text)
    TIM3_IRQHandler                          0x08000263   Thumb Code     0  startup_stm32f40xx.o(.text)
    TIM4_IRQHandler                          0x08000263   Thumb Code     0  startup_stm32f40xx.o(.text)
    TIM5_IRQHandler                          0x08000263   Thumb Code     0  startup_stm32f40xx.o(.text)
    TIM6_DAC_IRQHandler                      0x08000263   Thumb Code     0  startup_stm32f40xx.o(.text)
    TIM7_IRQHandler                          0x08000263   Thumb Code     0  startup_stm32f40xx.o(.text)
    TIM8_BRK_TIM12_IRQHandler                0x08000263   Thumb Code     0  startup_stm32f40xx.o(.text)
    TIM8_CC_IRQHandler                       0x08000263   Thumb Code     0  startup_stm32f40xx.o(.text)
    TIM8_TRG_COM_TIM14_IRQHandler            0x08000263   Thumb Code     0  startup_stm32f40xx.o(.text)
    TIM8_UP_TIM13_IRQHandler                 0x08000263   Thumb Code     0  startup_stm32f40xx.o(.text)
    UART4_IRQHandler                         0x08000263   Thumb Code     0  startup_stm32f40xx.o(.text)
    UART5_IRQHandler                         0x08000263   Thumb Code     0  startup_stm32f40xx.o(.text)
    USART1_IRQHandler                        0x08000263   Thumb Code     0  startup_stm32f40xx.o(.text)
    USART3_IRQHandler                        0x08000263   Thumb Code     0  startup_stm32f40xx.o(.text)
    USART6_IRQHandler                        0x08000263   Thumb Code     0  startup_stm32f40xx.o(.text)
    WWDG_IRQHandler                          0x08000263   Thumb Code     0  startup_stm32f40xx.o(.text)
    __user_initial_stackheap                 0x08000265   Thumb Code     0  startup_stm32f40xx.o(.text)
    __use_no_semihosting                     0x08000289   Thumb Code     2  use_no_semi_2.o(.text)
    __aeabi_ldivmod                          0x0800028b   Thumb Code     0  llsdiv.o(.text)
    _ll_sdiv                                 0x0800028b   Thumb Code    72  llsdiv.o(.text)
    __2printf                                0x080002d5   Thumb Code    20  noretval__2printf.o(.text)
    _printf_int_dec                          0x080002ed   Thumb Code   104  _printf_dec.o(.text)
    __printf                                 0x08000365   Thumb Code   270  __printf_wp.o(.text)
    memcmp                                   0x08000473   Thumb Code    88  memcmp.o(.text)
    __aeabi_memset                           0x080004cb   Thumb Code    16  aeabi_memset.o(.text)
    __use_two_region_memory                  0x080004db   Thumb Code     2  heapauxi.o(.text)
    __rt_heap_escrow$2region                 0x080004dd   Thumb Code     2  heapauxi.o(.text)
    __rt_heap_expand$2region                 0x080004df   Thumb Code     2  heapauxi.o(.text)
    __I$use$semihosting                      0x080004e1   Thumb Code     0  use_no_semi.o(.text)
    __use_no_semihosting_swi                 0x080004e1   Thumb Code     2  use_no_semi.o(.text)
    __aeabi_uldivmod                         0x080004e3   Thumb Code     0  lludivv7m.o(.text)
    _ll_udiv                                 0x080004e3   Thumb Code   238  lludivv7m.o(.text)
    __read_errno                             0x080005d1   Thumb Code    10  _rserrno.o(.text)
    __set_errno                              0x080005db   Thumb Code    12  _rserrno.o(.text)
    _printf_int_common                       0x080005e7   Thumb Code   178  _printf_intcommon.o(.text)
    __lib_sel_fp_printf                      0x08000699   Thumb Code     2  _printf_fp_dec.o(.text)
    _printf_fp_dec_real                      0x08000847   Thumb Code   620  _printf_fp_dec.o(.text)
    _printf_char_file                        0x08000ab5   Thumb Code    32  _printf_char_file.o(.text)
    __aeabi_memclr                           0x08000ad9   Thumb Code     0  rt_memclr.o(.text)
    __rt_memclr                              0x08000ad9   Thumb Code    68  rt_memclr.o(.text)
    _memset                                  0x08000add   Thumb Code     0  rt_memclr.o(.text)
    __rt_locale                              0x08000b1d   Thumb Code     8  rt_locale_intlibspace.o(.text)
    __aeabi_errno_addr                       0x08000b25   Thumb Code     8  rt_errno_addr_intlibspace.o(.text)
    __errno$intlibspace                      0x08000b25   Thumb Code     0  rt_errno_addr_intlibspace.o(.text)
    __rt_errno_addr$intlibspace              0x08000b25   Thumb Code     0  rt_errno_addr_intlibspace.o(.text)
    _ll_udiv10                               0x08000b2d   Thumb Code   138  lludiv10.o(.text)
    _printf_char_common                      0x08000bc3   Thumb Code    32  _printf_char_common.o(.text)
    _printf_fp_infnan                        0x08000be9   Thumb Code   112  _printf_fp_infnan.o(.text)
    _btod_etento                             0x08000c69   Thumb Code   216  bigflt0.o(.text)
    ferror                                   0x08000d45   Thumb Code     8  ferror.o(.text)
    __aeabi_memclr4                          0x08000d4d   Thumb Code     0  rt_memclr_w.o(.text)
    __aeabi_memclr8                          0x08000d4d   Thumb Code     0  rt_memclr_w.o(.text)
    __rt_memclr_w                            0x08000d4d   Thumb Code    78  rt_memclr_w.o(.text)
    _memset_w                                0x08000d51   Thumb Code     0  rt_memclr_w.o(.text)
    __user_libspace                          0x08000d9d   Thumb Code     8  libspace.o(.text)
    __user_perproc_libspace                  0x08000d9d   Thumb Code     0  libspace.o(.text)
    __user_perthread_libspace                0x08000d9d   Thumb Code     0  libspace.o(.text)
    __user_setup_stackheap                   0x08000da5   Thumb Code    74  sys_stackheap_outer.o(.text)
    exit                                     0x08000def   Thumb Code    18  exit.o(.text)
    strcmp                                   0x08000e01   Thumb Code   128  strcmpv7m.o(.text)
    _btod_d2e                                0x08000e81   Thumb Code    62  btod.o(CL$$btod_d2e)
    _d2e_denorm_low                          0x08000ebf   Thumb Code    70  btod.o(CL$$btod_d2e_denorm_low)
    _d2e_norm_op1                            0x08000f05   Thumb Code    96  btod.o(CL$$btod_d2e_norm_op1)
    __btod_div_common                        0x08000f65   Thumb Code   696  btod.o(CL$$btod_div_common)
    _e2e                                     0x0800129d   Thumb Code   198  btod.o(CL$$btod_e2e)
    _btod_ediv                               0x08001363   Thumb Code    40  btod.o(CL$$btod_ediv)
    _btod_emul                               0x0800138b   Thumb Code    40  btod.o(CL$$btod_emul)
    __btod_mult_common                       0x080013b3   Thumb Code   580  btod.o(CL$$btod_mult_common)
    BusFault_Handler                         0x080015f7   Thumb Code     4  stm32f4xx_it.o(i.BusFault_Handler)
    DIY_NVIC_PriorityGroupConfig             0x080015fd   Thumb Code    32  bsp.o(i.DIY_NVIC_PriorityGroupConfig)
    DMP_Init                                 0x08001625   Thumb Code   224  mpu6050.o(i.DMP_Init)
    DebugMon_Handler                         0x08001879   Thumb Code     2  stm32f4xx_it.o(i.DebugMon_Handler)
    EXTI3_IRQHandler                         0x0800187d   Thumb Code    20  main.o(i.EXTI3_IRQHandler)
    EXTI_ClearITPendingBit                   0x08001895   Thumb Code     6  stm32f4xx_exti.o(i.EXTI_ClearITPendingBit)
    EXTI_Init                                0x080018a1   Thumb Code   142  stm32f4xx_exti.o(i.EXTI_Init)
    FLASH_DataCacheCmd                       0x08001935   Thumb Code    30  stm32f4xx_flash.o(i.FLASH_DataCacheCmd)
    FLASH_InstructionCacheCmd                0x08001959   Thumb Code    30  stm32f4xx_flash.o(i.FLASH_InstructionCacheCmd)
    FLASH_PrefetchBufferCmd                  0x0800197d   Thumb Code    30  stm32f4xx_flash.o(i.FLASH_PrefetchBufferCmd)
    FLASH_SetLatency                         0x080019a1   Thumb Code     6  stm32f4xx_flash.o(i.FLASH_SetLatency)
    GPIO_Init                                0x080019ad   Thumb Code   144  stm32f4xx_gpio.o(i.GPIO_Init)
    GPIO_PinAFConfig                         0x08001a3d   Thumb Code    70  stm32f4xx_gpio.o(i.GPIO_PinAFConfig)
    HardFault_Handler                        0x08001a83   Thumb Code     4  stm32f4xx_it.o(i.HardFault_Handler)
    I2C_ReadOneByte                          0x08001a87   Thumb Code    70  ioi2c.o(i.I2C_ReadOneByte)
    IIC_Ack                                  0x08001acd   Thumb Code    86  ioi2c.o(i.IIC_Ack)
    IIC_MPU6050_Init                         0x08001b31   Thumb Code    44  ioi2c.o(i.IIC_MPU6050_Init)
    IIC_NAck                                 0x08001b61   Thumb Code    84  ioi2c.o(i.IIC_NAck)
    IIC_Read_Byte                            0x08001bc1   Thumb Code   116  ioi2c.o(i.IIC_Read_Byte)
    IIC_Send_Byte                            0x08001c41   Thumb Code   110  ioi2c.o(i.IIC_Send_Byte)
    IIC_Start                                0x08001cbd   Thumb Code   114  ioi2c.o(i.IIC_Start)
    IIC_Stop                                 0x08001d3d   Thumb Code    82  ioi2c.o(i.IIC_Stop)
    IIC_Wait_Ack                             0x08001d9d   Thumb Code   110  ioi2c.o(i.IIC_Wait_Ack)
    IICreadByte                              0x08001e19   Thumb Code    22  ioi2c.o(i.IICreadByte)
    IICwriteBit                              0x08001e2f   Thumb Code    64  ioi2c.o(i.IICwriteBit)
    IICwriteBits                             0x08001e6f   Thumb Code   106  ioi2c.o(i.IICwriteBits)
    IICwriteByte                             0x08001ed9   Thumb Code    20  ioi2c.o(i.IICwriteByte)
    IICwriteBytes                            0x08001eed   Thumb Code    70  ioi2c.o(i.IICwriteBytes)
    Init_Led_GPIO                            0x08001f35   Thumb Code    52  led.o(i.Init_Led_GPIO)
    MPU6050_EXTI_Init                        0x08001f71   Thumb Code   112  intsever.o(i.MPU6050_EXTI_Init)
    MPU6050_initialize                       0x08001fe5   Thumb Code    82  mpu6050.o(i.MPU6050_initialize)
    MPU6050_setClockSource                   0x08002071   Thumb Code    20  mpu6050.o(i.MPU6050_setClockSource)
    MPU6050_setFullScaleAccelRange           0x08002085   Thumb Code    20  mpu6050.o(i.MPU6050_setFullScaleAccelRange)
    MPU6050_setFullScaleGyroRange            0x08002099   Thumb Code    20  mpu6050.o(i.MPU6050_setFullScaleGyroRange)
    MPU6050_setI2CBypassEnabled              0x080020ad   Thumb Code    18  mpu6050.o(i.MPU6050_setI2CBypassEnabled)
    MPU6050_setI2CMasterModeEnabled          0x080020bf   Thumb Code    18  mpu6050.o(i.MPU6050_setI2CMasterModeEnabled)
    MPU6050_setSleepEnabled                  0x080020d1   Thumb Code    18  mpu6050.o(i.MPU6050_setSleepEnabled)
    MemManage_Handler                        0x080020e3   Thumb Code     4  stm32f4xx_it.o(i.MemManage_Handler)
    NMI_Handler                              0x080020e7   Thumb Code     2  stm32f4xx_it.o(i.NMI_Handler)
    NVIC_Init                                0x080020e9   Thumb Code   106  misc.o(i.NVIC_Init)
    PendSV_Handler                           0x08002161   Thumb Code     2  stm32f4xx_it.o(i.PendSV_Handler)
    RCC_AHB1PeriphClockCmd                   0x08002165   Thumb Code    26  stm32f4xx_rcc.o(i.RCC_AHB1PeriphClockCmd)
    RCC_APB1PeriphClockCmd                   0x08002185   Thumb Code    26  stm32f4xx_rcc.o(i.RCC_APB1PeriphClockCmd)
    RCC_APB2PeriphClockCmd                   0x080021a5   Thumb Code    26  stm32f4xx_rcc.o(i.RCC_APB2PeriphClockCmd)
    RCC_DeInit                               0x080021c5   Thumb Code    82  stm32f4xx_rcc.o(i.RCC_DeInit)
    RCC_GetClocksFreq                        0x08002229   Thumb Code   214  stm32f4xx_rcc.o(i.RCC_GetClocksFreq)
    RCC_GetFlagStatus                        0x08002311   Thumb Code    60  stm32f4xx_rcc.o(i.RCC_GetFlagStatus)
    RCC_GetSYSCLKSource                      0x08002351   Thumb Code    10  stm32f4xx_rcc.o(i.RCC_GetSYSCLKSource)
    RCC_HCLKConfig                           0x08002361   Thumb Code    18  stm32f4xx_rcc.o(i.RCC_HCLKConfig)
    RCC_HSEConfig                            0x08002379   Thumb Code    12  stm32f4xx_rcc.o(i.RCC_HSEConfig)
    RCC_PCLK1Config                          0x08002389   Thumb Code    18  stm32f4xx_rcc.o(i.RCC_PCLK1Config)
    RCC_PCLK2Config                          0x080023a1   Thumb Code    20  stm32f4xx_rcc.o(i.RCC_PCLK2Config)
    RCC_PLLCmd                               0x080023b9   Thumb Code     6  stm32f4xx_rcc.o(i.RCC_PLLCmd)
    RCC_PLLConfig                            0x080023c5   Thumb Code    30  stm32f4xx_rcc.o(i.RCC_PLLConfig)
    RCC_SYSCLKConfig                         0x080023e9   Thumb Code    18  stm32f4xx_rcc.o(i.RCC_SYSCLKConfig)
    RCC_WaitForHSEStartUp                    0x08002401   Thumb Code    56  stm32f4xx_rcc.o(i.RCC_WaitForHSEStartUp)
    Read_DMP                                 0x08002439   Thumb Code   664  mpu6050.o(i.Read_DMP)
    SVC_Handler                              0x08002729   Thumb Code     2  stm32f4xx_it.o(i.SVC_Handler)
    SYSCFG_EXTILineConfig                    0x0800272d   Thumb Code    60  stm32f4xx_syscfg.o(i.SYSCFG_EXTILineConfig)
    SysTick_CLKSourceConfig                  0x08002859   Thumb Code    40  misc.o(i.SysTick_CLKSourceConfig)
    SysTick_Handler                          0x08002881   Thumb Code     8  stm32f4xx_it.o(i.SysTick_Handler)
    SystemClockConfig                        0x08002889   Thumb Code   120  delay.o(i.SystemClockConfig)
    SystemInit                               0x08002901   Thumb Code    88  system_stm32f4xx.o(i.SystemInit)
    TimingDelay_Decrement                    0x08002969   Thumb Code    18  main.o(i.TimingDelay_Decrement)
    USART2_IRQHandler                        0x08002981   Thumb Code    32  usart1.o(i.USART2_IRQHandler)
    USART2_Send_U8                           0x080029a5   Thumb Code    28  usart1.o(i.USART2_Send_U8)
    USART_Cmd                                0x080029c5   Thumb Code    24  stm32f4xx_usart.o(i.USART_Cmd)
    USART_GetFlagStatus                      0x080029dd   Thumb Code    26  stm32f4xx_usart.o(i.USART_GetFlagStatus)
    USART_GetITStatus                        0x080029f7   Thumb Code    84  stm32f4xx_usart.o(i.USART_GetITStatus)
    USART_Init                               0x08002a4d   Thumb Code   204  stm32f4xx_usart.o(i.USART_Init)
    USART_ReceiveData                        0x08002b21   Thumb Code    10  stm32f4xx_usart.o(i.USART_ReceiveData)
    USART_SendData                           0x08002b2b   Thumb Code     8  stm32f4xx_usart.o(i.USART_SendData)
    UsageFault_Handler                       0x08002b33   Thumb Code     4  stm32f4xx_it.o(i.UsageFault_Handler)
    __ARM_fpclassify                         0x08002b37   Thumb Code    48  fpclassify.o(i.__ARM_fpclassify)
    __hardfp_asin                            0x08002b69   Thumb Code   770  asin.o(i.__hardfp_asin)
    __hardfp_atan                            0x08002ec9   Thumb Code   622  atan.o(i.__hardfp_atan)
    __hardfp_atan2                           0x080031a1   Thumb Code   432  atan2.o(i.__hardfp_atan2)
    __kernel_poly                            0x08003391   Thumb Code   248  poly.o(i.__kernel_poly)
    __mathlib_dbl_infnan                     0x08003489   Thumb Code    20  dunder.o(i.__mathlib_dbl_infnan)
    __mathlib_dbl_infnan2                    0x0800349d   Thumb Code    20  dunder.o(i.__mathlib_dbl_infnan2)
    __mathlib_dbl_invalid                    0x080034b1   Thumb Code    24  dunder.o(i.__mathlib_dbl_invalid)
    __mathlib_dbl_underflow                  0x080034d1   Thumb Code    24  dunder.o(i.__mathlib_dbl_underflow)
    _is_digit                                0x080034f1   Thumb Code    14  __printf_wp.o(i._is_digit)
    _sys_exit                                0x080034ff   Thumb Code     4  usart1.o(i._sys_exit)
    atan                                     0x080035c5   Thumb Code    16  atan.o(i.atan)
    bsp_init                                 0x080035d5   Thumb Code    50  bsp.o(i.bsp_init)
    delay_init                               0x0800366d   Thumb Code    60  delay.o(i.delay_init)
    delay_ms                                 0x080036b9   Thumb Code    56  delay.o(i.delay_ms)
    delay_us                                 0x080036f5   Thumb Code    56  delay.o(i.delay_us)
    dmp_enable_6x_lp_quat                    0x08003731   Thumb Code    60  inv_mpu_dmp_motion_driver.o(i.dmp_enable_6x_lp_quat)
    dmp_enable_feature                       0x0800376d   Thumb Code   530  inv_mpu_dmp_motion_driver.o(i.dmp_enable_feature)
    dmp_enable_gyro_cal                      0x08003989   Thumb Code    62  inv_mpu_dmp_motion_driver.o(i.dmp_enable_gyro_cal)
    dmp_enable_lp_quat                       0x080039e1   Thumb Code    60  inv_mpu_dmp_motion_driver.o(i.dmp_enable_lp_quat)
    dmp_load_motion_driver_firmware          0x08003a1d   Thumb Code    20  inv_mpu_dmp_motion_driver.o(i.dmp_load_motion_driver_firmware)
    dmp_read_fifo                            0x08003a35   Thumb Code   456  inv_mpu_dmp_motion_driver.o(i.dmp_read_fifo)
    dmp_set_accel_bias                       0x08003c01   Thumb Code   300  inv_mpu_dmp_motion_driver.o(i.dmp_set_accel_bias)
    dmp_set_fifo_rate                        0x08003d31   Thumb Code    96  inv_mpu_dmp_motion_driver.o(i.dmp_set_fifo_rate)
    dmp_set_gyro_bias                        0x08003da1   Thumb Code   294  inv_mpu_dmp_motion_driver.o(i.dmp_set_gyro_bias)
    dmp_set_orientation                      0x08003ed1   Thumb Code   290  inv_mpu_dmp_motion_driver.o(i.dmp_set_orientation)
    dmp_set_shake_reject_thresh              0x08004009   Thumb Code    56  inv_mpu_dmp_motion_driver.o(i.dmp_set_shake_reject_thresh)
    dmp_set_shake_reject_time                0x08004041   Thumb Code    38  inv_mpu_dmp_motion_driver.o(i.dmp_set_shake_reject_time)
    dmp_set_shake_reject_timeout             0x08004067   Thumb Code    38  inv_mpu_dmp_motion_driver.o(i.dmp_set_shake_reject_timeout)
    dmp_set_tap_axes                         0x0800408d   Thumb Code    70  inv_mpu_dmp_motion_driver.o(i.dmp_set_tap_axes)
    dmp_set_tap_count                        0x080040d3   Thumb Code    38  inv_mpu_dmp_motion_driver.o(i.dmp_set_tap_count)
    dmp_set_tap_thresh                       0x080040f9   Thumb Code   412  inv_mpu_dmp_motion_driver.o(i.dmp_set_tap_thresh)
    dmp_set_tap_time                         0x080042b9   Thumb Code    38  inv_mpu_dmp_motion_driver.o(i.dmp_set_tap_time)
    dmp_set_tap_time_multi                   0x080042df   Thumb Code    38  inv_mpu_dmp_motion_driver.o(i.dmp_set_tap_time_multi)
    fabs                                     0x08004305   Thumb Code    24  fabs.o(i.fabs)
    fputc                                    0x0800431d   Thumb Code    24  usart1.o(i.fputc)
    i2cRead                                  0x08004995   Thumb Code   118  ioi2c.o(i.i2cRead)
    i2cWrite                                 0x08004a0b   Thumb Code    96  ioi2c.o(i.i2cWrite)
    main                                     0x08004ae1   Thumb Code    12  main.o(i.main)
    mpu_configure_fifo                       0x08004aed   Thumb Code   106  inv_mpu.o(i.mpu_configure_fifo)
    mpu_get_accel_fsr                        0x08004b5d   Thumb Code    72  inv_mpu.o(i.mpu_get_accel_fsr)
    mpu_get_accel_sens                       0x08004ba9   Thumb Code    78  inv_mpu.o(i.mpu_get_accel_sens)
    mpu_get_fifo_config                      0x08004bfd   Thumb Code    12  inv_mpu.o(i.mpu_get_fifo_config)
    mpu_get_gyro_fsr                         0x08004c0d   Thumb Code    64  inv_mpu.o(i.mpu_get_gyro_fsr)
    mpu_get_gyro_sens                        0x08004c51   Thumb Code    74  inv_mpu.o(i.mpu_get_gyro_sens)
    mpu_get_lpf                              0x08004cb1   Thumb Code    74  inv_mpu.o(i.mpu_get_lpf)
    mpu_get_sample_rate                      0x08004d01   Thumb Code    26  inv_mpu.o(i.mpu_get_sample_rate)
    mpu_init                                 0x08004d21   Thumb Code   416  inv_mpu.o(i.mpu_init)
    mpu_load_firmware                        0x08004f11   Thumb Code   180  inv_mpu.o(i.mpu_load_firmware)
    mpu_lp_accel_mode                        0x08004fc9   Thumb Code   218  inv_mpu.o(i.mpu_lp_accel_mode)
    mpu_read_fifo_stream                     0x080050a9   Thumb Code   186  inv_mpu.o(i.mpu_read_fifo_stream)
    mpu_read_mem                             0x08005169   Thumb Code   122  inv_mpu.o(i.mpu_read_mem)
    mpu_reset_fifo                           0x080051e9   Thumb Code   438  inv_mpu.o(i.mpu_reset_fifo)
    mpu_run_self_test                        0x080053a5   Thumb Code   278  inv_mpu.o(i.mpu_run_self_test)
    mpu_set_accel_fsr                        0x080054c1   Thumb Code   126  inv_mpu.o(i.mpu_set_accel_fsr)
    mpu_set_bypass                           0x08005545   Thumb Code   328  inv_mpu.o(i.mpu_set_bypass)
    mpu_set_dmp_state                        0x08005691   Thumb Code   138  inv_mpu.o(i.mpu_set_dmp_state)
    mpu_set_gyro_fsr                         0x08005721   Thumb Code   132  inv_mpu.o(i.mpu_set_gyro_fsr)
    mpu_set_int_latched                      0x080057a9   Thumb Code   102  inv_mpu.o(i.mpu_set_int_latched)
    mpu_set_lpf                              0x08005815   Thumb Code   126  inv_mpu.o(i.mpu_set_lpf)
    mpu_set_sample_rate                      0x08005899   Thumb Code   152  inv_mpu.o(i.mpu_set_sample_rate)
    mpu_set_sensors                          0x08005935   Thumb Code   202  inv_mpu.o(i.mpu_set_sensors)
    mpu_write_mem                            0x08005a05   Thumb Code   122  inv_mpu.o(i.mpu_write_mem)
    myget_ms                                 0x08005a85   Thumb Code     2  inv_mpu.o(i.myget_ms)
    sqrt                                     0x08005bad   Thumb Code   110  sqrt.o(i.sqrt)
    uart_init                                0x08005c1d   Thumb Code   164  usart1.o(i.uart_init)
    _get_lc_numeric                          0x08005cc9   Thumb Code    44  lc_numeric_c.o(locale$$code)
    __aeabi_dneg                             0x08005cf5   Thumb Code     0  basic.o(x$fpl$basic)
    _dneg                                    0x08005cf5   Thumb Code     6  basic.o(x$fpl$basic)
    __aeabi_fneg                             0x08005cfb   Thumb Code     0  basic.o(x$fpl$basic)
    _fneg                                    0x08005cfb   Thumb Code     6  basic.o(x$fpl$basic)
    _dabs                                    0x08005d01   Thumb Code     6  basic.o(x$fpl$basic)
    _fabs                                    0x08005d07   Thumb Code     6  basic.o(x$fpl$basic)
    __aeabi_d2f                              0x08005d0d   Thumb Code     0  d2f.o(x$fpl$d2f)
    _d2f                                     0x08005d0d   Thumb Code    98  d2f.o(x$fpl$d2f)
    __aeabi_dadd                             0x08005d71   Thumb Code     0  daddsub_clz.o(x$fpl$dadd)
    _dadd                                    0x08005d71   Thumb Code   332  daddsub_clz.o(x$fpl$dadd)
    __aeabi_ddiv                             0x08005ec1   Thumb Code     0  ddiv.o(x$fpl$ddiv)
    _ddiv                                    0x08005ec1   Thumb Code   552  ddiv.o(x$fpl$ddiv)
    __aeabi_dmul                             0x08006171   Thumb Code     0  dmul.o(x$fpl$dmul)
    _dmul                                    0x08006171   Thumb Code   332  dmul.o(x$fpl$dmul)
    __fpl_dnaninf                            0x080062c5   Thumb Code   156  dnaninf.o(x$fpl$dnaninf)
    __fpl_dretinf                            0x08006361   Thumb Code    12  dretinf.o(x$fpl$dretinf)
    __aeabi_drsub                            0x0800636d   Thumb Code     0  daddsub_clz.o(x$fpl$drsb)
    _drsb                                    0x0800636d   Thumb Code    22  daddsub_clz.o(x$fpl$drsb)
    _dsqrt                                   0x08006385   Thumb Code   404  dsqrt_umaal.o(x$fpl$dsqrt)
    __aeabi_dsub                             0x0800651d   Thumb Code     0  daddsub_clz.o(x$fpl$dsub)
    _dsub                                    0x0800651d   Thumb Code   464  daddsub_clz.o(x$fpl$dsub)
    __aeabi_f2d                              0x080066f1   Thumb Code     0  f2d.o(x$fpl$f2d)
    _f2d                                     0x080066f1   Thumb Code    86  f2d.o(x$fpl$f2d)
    __fpl_fnaninf                            0x08006747   Thumb Code   140  fnaninf.o(x$fpl$fnaninf)
    _fp_init                                 0x080067d3   Thumb Code    10  fpinit.o(x$fpl$fpinit)
    __fplib_config_fpu_vfp                   0x080067db   Thumb Code     0  fpinit.o(x$fpl$fpinit)
    __fplib_config_pureend_doubles           0x080067db   Thumb Code     0  fpinit.o(x$fpl$fpinit)
    __fpl_fretinf                            0x080067dd   Thumb Code    10  fretinf.o(x$fpl$fretinf)
    _printf_fp_dec                           0x080067e7   Thumb Code     4  printf1.o(x$fpl$printf1)
    __I$use$fp                               0x080067ea   Number         0  usenofp.o(x$fpl$usenofp)
    hw                                       0x080067ec   Data          12  inv_mpu.o(.constdata)
    reg                                      0x080067f8   Data          27  inv_mpu.o(.constdata)
    test                                     0x08006814   Data          40  inv_mpu.o(.constdata)
    __mathlib_zero                           0x08007520   Data           8  qnan.o(.constdata)
    Region$$Table$$Base                      0x0800760c   Number         0  anon$$obj.o(Region$$Table)
    Region$$Table$$Limit                     0x0800762c   Number         0  anon$$obj.o(Region$$Table)
    TimingDelay                              0x20000000   Data           4  main.o(.data)
    SystemCoreClock                          0x20000004   Data           4  system_stm32f4xx.o(.data)
    AHBPrescTable                            0x20000008   Data          16  system_stm32f4xx.o(.data)
    __stdout                                 0x2000002c   Data           4  usart1.o(.data)
    gyro                                     0x20000030   Data           6  mpu6050.o(.data)
    accel                                    0x20000036   Data           6  mpu6050.o(.data)
    sensors                                  0x2000003c   Data           2  mpu6050.o(.data)
    Roll                                     0x20000040   Data           4  mpu6050.o(.data)
    Pitch                                    0x20000044   Data           4  mpu6050.o(.data)
    Yaw                                      0x20000048   Data           4  mpu6050.o(.data)
    q0                                       0x2000004c   Data           4  mpu6050.o(.data)
    q1                                       0x20000050   Data           4  mpu6050.o(.data)
    q2                                       0x20000054   Data           4  mpu6050.o(.data)
    q3                                       0x20000058   Data           4  mpu6050.o(.data)
    Gx_offset                                0x20000066   Data           2  mpu6050.o(.data)
    Gy_offset                                0x20000068   Data           2  mpu6050.o(.data)
    Gz_offset                                0x2000006a   Data           2  mpu6050.o(.data)
    __libspace_start                         0x200000a8   Data          96  libspace.o(.bss)
    __temporary_stack_top$libspace           0x20000108   Data           0  libspace.o(.bss)



==============================================================================

Memory Map of the image

  Image Entry point : 0x08000189

  Load Region LR_IROM1 (Base: 0x08000000, Size: 0x000076e0, Max: 0x00100000, ABSOLUTE)

    Execution Region ER_IROM1 (Base: 0x08000000, Size: 0x00007648, Max: 0x00100000, ABSOLUTE)

    Base Addr    Size         Type   Attr      Idx    E Section Name        Object

    0x08000000   0x00000188   Data   RO          325    RESET               startup_stm32f40xx.o
    0x08000188   0x00000008   Code   RO         5045  * !!!main             c_w.l(__main.o)
    0x08000190   0x00000034   Code   RO         5391    !!!scatter          c_w.l(__scatter.o)
    0x080001c4   0x0000001a   Code   RO         5393    !!handler_copy      c_w.l(__scatter_copy.o)
    0x080001de   0x00000002   PAD
    0x080001e0   0x0000001c   Code   RO         5395    !!handler_zi        c_w.l(__scatter_zi.o)
    0x080001fc   0x00000000   Code   RO         5038    .ARM.Collect$$_printf_percent$$00000000  c_w.l(_printf_percent.o)
    0x080001fc   0x00000006   Code   RO         5037    .ARM.Collect$$_printf_percent$$00000003  c_w.l(_printf_f.o)
    0x08000202   0x00000006   Code   RO         5036    .ARM.Collect$$_printf_percent$$00000009  c_w.l(_printf_d.o)
    0x08000208   0x00000004   Code   RO         5094    .ARM.Collect$$_printf_percent$$00000017  c_w.l(_printf_percent_end.o)
    0x0800020c   0x00000002   Code   RO         5262    .ARM.Collect$$libinit$$00000000  c_w.l(libinit.o)
    0x0800020e   0x00000004   Code   RO         5263    .ARM.Collect$$libinit$$00000001  c_w.l(libinit2.o)
    0x08000212   0x00000000   Code   RO         5266    .ARM.Collect$$libinit$$00000004  c_w.l(libinit2.o)
    0x08000212   0x00000000   Code   RO         5269    .ARM.Collect$$libinit$$0000000A  c_w.l(libinit2.o)
    0x08000212   0x00000000   Code   RO         5271    .ARM.Collect$$libinit$$0000000C  c_w.l(libinit2.o)
    0x08000212   0x00000000   Code   RO         5273    .ARM.Collect$$libinit$$0000000E  c_w.l(libinit2.o)
    0x08000212   0x00000006   Code   RO         5274    .ARM.Collect$$libinit$$0000000F  c_w.l(libinit2.o)
    0x08000218   0x00000000   Code   RO         5276    .ARM.Collect$$libinit$$00000011  c_w.l(libinit2.o)
    0x08000218   0x00000000   Code   RO         5278    .ARM.Collect$$libinit$$00000013  c_w.l(libinit2.o)
    0x08000218   0x00000000   Code   RO         5280    .ARM.Collect$$libinit$$00000015  c_w.l(libinit2.o)
    0x08000218   0x0000000a   Code   RO         5281    .ARM.Collect$$libinit$$00000016  c_w.l(libinit2.o)
    0x08000222   0x00000000   Code   RO         5282    .ARM.Collect$$libinit$$00000017  c_w.l(libinit2.o)
    0x08000222   0x00000000   Code   RO         5284    .ARM.Collect$$libinit$$00000019  c_w.l(libinit2.o)
    0x08000222   0x00000000   Code   RO         5286    .ARM.Collect$$libinit$$0000001B  c_w.l(libinit2.o)
    0x08000222   0x00000000   Code   RO         5288    .ARM.Collect$$libinit$$0000001D  c_w.l(libinit2.o)
    0x08000222   0x00000000   Code   RO         5290    .ARM.Collect$$libinit$$0000001F  c_w.l(libinit2.o)
    0x08000222   0x00000000   Code   RO         5292    .ARM.Collect$$libinit$$00000021  c_w.l(libinit2.o)
    0x08000222   0x00000000   Code   RO         5294    .ARM.Collect$$libinit$$00000023  c_w.l(libinit2.o)
    0x08000222   0x00000000   Code   RO         5296    .ARM.Collect$$libinit$$00000025  c_w.l(libinit2.o)
    0x08000222   0x00000000   Code   RO         5300    .ARM.Collect$$libinit$$0000002C  c_w.l(libinit2.o)
    0x08000222   0x00000000   Code   RO         5302    .ARM.Collect$$libinit$$0000002E  c_w.l(libinit2.o)
    0x08000222   0x00000000   Code   RO         5304    .ARM.Collect$$libinit$$00000030  c_w.l(libinit2.o)
    0x08000222   0x00000000   Code   RO         5306    .ARM.Collect$$libinit$$00000032  c_w.l(libinit2.o)
    0x08000222   0x00000002   Code   RO         5307    .ARM.Collect$$libinit$$00000033  c_w.l(libinit2.o)
    0x08000224   0x00000002   Code   RO         5351    .ARM.Collect$$libshutdown$$00000000  c_w.l(libshutdown.o)
    0x08000226   0x00000000   Code   RO         5360    .ARM.Collect$$libshutdown$$00000002  c_w.l(libshutdown2.o)
    0x08000226   0x00000000   Code   RO         5362    .ARM.Collect$$libshutdown$$00000004  c_w.l(libshutdown2.o)
    0x08000226   0x00000000   Code   RO         5365    .ARM.Collect$$libshutdown$$00000007  c_w.l(libshutdown2.o)
    0x08000226   0x00000000   Code   RO         5368    .ARM.Collect$$libshutdown$$0000000A  c_w.l(libshutdown2.o)
    0x08000226   0x00000000   Code   RO         5370    .ARM.Collect$$libshutdown$$0000000C  c_w.l(libshutdown2.o)
    0x08000226   0x00000000   Code   RO         5373    .ARM.Collect$$libshutdown$$0000000F  c_w.l(libshutdown2.o)
    0x08000226   0x00000002   Code   RO         5374    .ARM.Collect$$libshutdown$$00000010  c_w.l(libshutdown2.o)
    0x08000228   0x00000000   Code   RO         5083    .ARM.Collect$$rtentry$$00000000  c_w.l(__rtentry.o)
    0x08000228   0x00000000   Code   RO         5170    .ARM.Collect$$rtentry$$00000002  c_w.l(__rtentry2.o)
    0x08000228   0x00000006   Code   RO         5182    .ARM.Collect$$rtentry$$00000004  c_w.l(__rtentry4.o)
    0x0800022e   0x00000000   Code   RO         5172    .ARM.Collect$$rtentry$$00000009  c_w.l(__rtentry2.o)
    0x0800022e   0x00000004   Code   RO         5173    .ARM.Collect$$rtentry$$0000000A  c_w.l(__rtentry2.o)
    0x08000232   0x00000000   Code   RO         5175    .ARM.Collect$$rtentry$$0000000C  c_w.l(__rtentry2.o)
    0x08000232   0x00000008   Code   RO         5176    .ARM.Collect$$rtentry$$0000000D  c_w.l(__rtentry2.o)
    0x0800023a   0x00000002   Code   RO         5310    .ARM.Collect$$rtexit$$00000000  c_w.l(rtexit.o)
    0x0800023c   0x00000000   Code   RO         5321    .ARM.Collect$$rtexit$$00000002  c_w.l(rtexit2.o)
    0x0800023c   0x00000004   Code   RO         5322    .ARM.Collect$$rtexit$$00000003  c_w.l(rtexit2.o)
    0x08000240   0x00000006   Code   RO         5323    .ARM.Collect$$rtexit$$00000004  c_w.l(rtexit2.o)
    0x08000246   0x00000002   PAD
    0x08000248   0x00000040   Code   RO          326    .text               startup_stm32f40xx.o
    0x08000288   0x00000002   Code   RO         5004    .text               c_w.l(use_no_semi_2.o)
    0x0800028a   0x00000048   Code   RO         5006    .text               c_w.l(llsdiv.o)
    0x080002d2   0x00000002   PAD
    0x080002d4   0x00000018   Code   RO         5010    .text               c_w.l(noretval__2printf.o)
    0x080002ec   0x00000078   Code   RO         5014    .text               c_w.l(_printf_dec.o)
    0x08000364   0x0000010e   Code   RO         5024    .text               c_w.l(__printf_wp.o)
    0x08000472   0x00000058   Code   RO         5039    .text               c_w.l(memcmp.o)
    0x080004ca   0x00000010   Code   RO         5041    .text               c_w.l(aeabi_memset.o)
    0x080004da   0x00000006   Code   RO         5043    .text               c_w.l(heapauxi.o)
    0x080004e0   0x00000002   Code   RO         5081    .text               c_w.l(use_no_semi.o)
    0x080004e2   0x000000ee   Code   RO         5084    .text               c_w.l(lludivv7m.o)
    0x080005d0   0x00000016   Code   RO         5086    .text               c_w.l(_rserrno.o)
    0x080005e6   0x000000b2   Code   RO         5088    .text               c_w.l(_printf_intcommon.o)
    0x08000698   0x0000041a   Code   RO         5090    .text               c_w.l(_printf_fp_dec.o)
    0x08000ab2   0x00000002   PAD
    0x08000ab4   0x00000024   Code   RO         5092    .text               c_w.l(_printf_char_file.o)
    0x08000ad8   0x00000044   Code   RO         5095    .text               c_w.l(rt_memclr.o)
    0x08000b1c   0x00000008   Code   RO         5191    .text               c_w.l(rt_locale_intlibspace.o)
    0x08000b24   0x00000008   Code   RO         5196    .text               c_w.l(rt_errno_addr_intlibspace.o)
    0x08000b2c   0x0000008a   Code   RO         5198    .text               c_w.l(lludiv10.o)
    0x08000bb6   0x00000002   PAD
    0x08000bb8   0x00000030   Code   RO         5200    .text               c_w.l(_printf_char_common.o)
    0x08000be8   0x00000080   Code   RO         5202    .text               c_w.l(_printf_fp_infnan.o)
    0x08000c68   0x000000dc   Code   RO         5204    .text               c_w.l(bigflt0.o)
    0x08000d44   0x00000008   Code   RO         5229    .text               c_w.l(ferror.o)
    0x08000d4c   0x0000004e   Code   RO         5236    .text               c_w.l(rt_memclr_w.o)
    0x08000d9a   0x00000002   PAD
    0x08000d9c   0x00000008   Code   RO         5244    .text               c_w.l(libspace.o)
    0x08000da4   0x0000004a   Code   RO         5247    .text               c_w.l(sys_stackheap_outer.o)
    0x08000dee   0x00000012   Code   RO         5253    .text               c_w.l(exit.o)
    0x08000e00   0x00000080   Code   RO         5255    .text               c_w.l(strcmpv7m.o)
    0x08000e80   0x0000003e   Code   RO         5207    CL$$btod_d2e        c_w.l(btod.o)
    0x08000ebe   0x00000046   Code   RO         5209    CL$$btod_d2e_denorm_low  c_w.l(btod.o)
    0x08000f04   0x00000060   Code   RO         5208    CL$$btod_d2e_norm_op1  c_w.l(btod.o)
    0x08000f64   0x00000338   Code   RO         5217    CL$$btod_div_common  c_w.l(btod.o)
    0x0800129c   0x000000c6   Code   RO         5214    CL$$btod_e2e        c_w.l(btod.o)
    0x08001362   0x00000028   Code   RO         5211    CL$$btod_ediv       c_w.l(btod.o)
    0x0800138a   0x00000028   Code   RO         5210    CL$$btod_emul       c_w.l(btod.o)
    0x080013b2   0x00000244   Code   RO         5216    CL$$btod_mult_common  c_w.l(btod.o)
    0x080015f6   0x00000004   Code   RO          207    i.BusFault_Handler  stm32f4xx_it.o
    0x080015fa   0x00000002   PAD
    0x080015fc   0x00000028   Code   RO         4116    i.DIY_NVIC_PriorityGroupConfig  bsp.o
    0x08001624   0x00000254   Code   RO         4393    i.DMP_Init          mpu6050.o
    0x08001878   0x00000002   Code   RO          208    i.DebugMon_Handler  stm32f4xx_it.o
    0x0800187a   0x00000002   PAD
    0x0800187c   0x00000018   Code   RO            4    i.EXTI3_IRQHandler  main.o
    0x08001894   0x0000000c   Code   RO         1170    i.EXTI_ClearITPendingBit  stm32f4xx_exti.o
    0x080018a0   0x00000094   Code   RO         1175    i.EXTI_Init         stm32f4xx_exti.o
    0x08001934   0x00000024   Code   RO         1236    i.FLASH_DataCacheCmd  stm32f4xx_flash.o
    0x08001958   0x00000024   Code   RO         1245    i.FLASH_InstructionCacheCmd  stm32f4xx_flash.o
    0x0800197c   0x00000024   Code   RO         1267    i.FLASH_PrefetchBufferCmd  stm32f4xx_flash.o
    0x080019a0   0x0000000c   Code   RO         1272    i.FLASH_SetLatency  stm32f4xx_flash.o
    0x080019ac   0x00000090   Code   RO         1629    i.GPIO_Init         stm32f4xx_gpio.o
    0x08001a3c   0x00000046   Code   RO         1630    i.GPIO_PinAFConfig  stm32f4xx_gpio.o
    0x08001a82   0x00000004   Code   RO          209    i.HardFault_Handler  stm32f4xx_it.o
    0x08001a86   0x00000046   Code   RO         4249    i.I2C_ReadOneByte   ioi2c.o
    0x08001acc   0x00000064   Code   RO         4250    i.IIC_Ack           ioi2c.o
    0x08001b30   0x00000030   Code   RO         4251    i.IIC_MPU6050_Init  ioi2c.o
    0x08001b60   0x00000060   Code   RO         4252    i.IIC_NAck          ioi2c.o
    0x08001bc0   0x00000080   Code   RO         4253    i.IIC_Read_Byte     ioi2c.o
    0x08001c40   0x0000007c   Code   RO         4254    i.IIC_Send_Byte     ioi2c.o
    0x08001cbc   0x00000080   Code   RO         4255    i.IIC_Start         ioi2c.o
    0x08001d3c   0x00000060   Code   RO         4256    i.IIC_Stop          ioi2c.o
    0x08001d9c   0x0000007c   Code   RO         4257    i.IIC_Wait_Ack      ioi2c.o
    0x08001e18   0x00000016   Code   RO         4258    i.IICreadByte       ioi2c.o
    0x08001e2e   0x00000040   Code   RO         4260    i.IICwriteBit       ioi2c.o
    0x08001e6e   0x0000006a   Code   RO         4261    i.IICwriteBits      ioi2c.o
    0x08001ed8   0x00000014   Code   RO         4262    i.IICwriteByte      ioi2c.o
    0x08001eec   0x00000046   Code   RO         4263    i.IICwriteBytes     ioi2c.o
    0x08001f32   0x00000002   PAD
    0x08001f34   0x0000003c   Code   RO         4158    i.Init_Led_GPIO     led.o
    0x08001f70   0x00000074   Code   RO         4369    i.MPU6050_EXTI_Init  intsever.o
    0x08001fe4   0x0000008c   Code   RO         4395    i.MPU6050_initialize  mpu6050.o
    0x08002070   0x00000014   Code   RO         4397    i.MPU6050_setClockSource  mpu6050.o
    0x08002084   0x00000014   Code   RO         4398    i.MPU6050_setFullScaleAccelRange  mpu6050.o
    0x08002098   0x00000014   Code   RO         4399    i.MPU6050_setFullScaleGyroRange  mpu6050.o
    0x080020ac   0x00000012   Code   RO         4400    i.MPU6050_setI2CBypassEnabled  mpu6050.o
    0x080020be   0x00000012   Code   RO         4401    i.MPU6050_setI2CMasterModeEnabled  mpu6050.o
    0x080020d0   0x00000012   Code   RO         4402    i.MPU6050_setSleepEnabled  mpu6050.o
    0x080020e2   0x00000004   Code   RO          210    i.MemManage_Handler  stm32f4xx_it.o
    0x080020e6   0x00000002   Code   RO          211    i.NMI_Handler       stm32f4xx_it.o
    0x080020e8   0x00000078   Code   RO          333    i.NVIC_Init         misc.o
    0x08002160   0x00000002   Code   RO          212    i.PendSV_Handler    stm32f4xx_it.o
    0x08002162   0x00000002   PAD
    0x08002164   0x00000020   Code   RO         2126    i.RCC_AHB1PeriphClockCmd  stm32f4xx_rcc.o
    0x08002184   0x00000020   Code   RO         2135    i.RCC_APB1PeriphClockCmd  stm32f4xx_rcc.o
    0x080021a4   0x00000020   Code   RO         2138    i.RCC_APB2PeriphClockCmd  stm32f4xx_rcc.o
    0x080021c4   0x00000064   Code   RO         2146    i.RCC_DeInit        stm32f4xx_rcc.o
    0x08002228   0x000000e8   Code   RO         2147    i.RCC_GetClocksFreq  stm32f4xx_rcc.o
    0x08002310   0x00000040   Code   RO         2148    i.RCC_GetFlagStatus  stm32f4xx_rcc.o
    0x08002350   0x00000010   Code   RO         2150    i.RCC_GetSYSCLKSource  stm32f4xx_rcc.o
    0x08002360   0x00000018   Code   RO         2151    i.RCC_HCLKConfig    stm32f4xx_rcc.o
    0x08002378   0x00000010   Code   RO         2152    i.RCC_HSEConfig     stm32f4xx_rcc.o
    0x08002388   0x00000018   Code   RO         2162    i.RCC_PCLK1Config   stm32f4xx_rcc.o
    0x080023a0   0x00000018   Code   RO         2163    i.RCC_PCLK2Config   stm32f4xx_rcc.o
    0x080023b8   0x0000000c   Code   RO         2164    i.RCC_PLLCmd        stm32f4xx_rcc.o
    0x080023c4   0x00000024   Code   RO         2165    i.RCC_PLLConfig     stm32f4xx_rcc.o
    0x080023e8   0x00000018   Code   RO         2176    i.RCC_SYSCLKConfig  stm32f4xx_rcc.o
    0x08002400   0x00000038   Code   RO         2178    i.RCC_WaitForHSEStartUp  stm32f4xx_rcc.o
    0x08002438   0x000002f0   Code   RO         4404    i.Read_DMP          mpu6050.o
    0x08002728   0x00000002   Code   RO          213    i.SVC_Handler       stm32f4xx_it.o
    0x0800272a   0x00000002   PAD
    0x0800272c   0x00000040   Code   RO         4015    i.SYSCFG_EXTILineConfig  stm32f4xx_syscfg.o
    0x0800276c   0x000000ec   Code   RO          285    i.SetSysClock       system_stm32f4xx.o
    0x08002858   0x00000028   Code   RO          337    i.SysTick_CLKSourceConfig  misc.o
    0x08002880   0x00000008   Code   RO          214    i.SysTick_Handler   stm32f4xx_it.o
    0x08002888   0x00000078   Code   RO         4072    i.SystemClockConfig  delay.o
    0x08002900   0x00000068   Code   RO          287    i.SystemInit        system_stm32f4xx.o
    0x08002968   0x00000018   Code   RO            5    i.TimingDelay_Decrement  main.o
    0x08002980   0x00000024   Code   RO         4182    i.USART2_IRQHandler  usart1.o
    0x080029a4   0x00000020   Code   RO         4184    i.USART2_Send_U8    usart1.o
    0x080029c4   0x00000018   Code   RO         3758    i.USART_Cmd         stm32f4xx_usart.o
    0x080029dc   0x0000001a   Code   RO         3761    i.USART_GetFlagStatus  stm32f4xx_usart.o
    0x080029f6   0x00000054   Code   RO         3762    i.USART_GetITStatus  stm32f4xx_usart.o
    0x08002a4a   0x00000002   PAD
    0x08002a4c   0x000000d4   Code   RO         3765    i.USART_Init        stm32f4xx_usart.o
    0x08002b20   0x0000000a   Code   RO         3772    i.USART_ReceiveData  stm32f4xx_usart.o
    0x08002b2a   0x00000008   Code   RO         3775    i.USART_SendData    stm32f4xx_usart.o
    0x08002b32   0x00000004   Code   RO          215    i.UsageFault_Handler  stm32f4xx_it.o
    0x08002b36   0x00000030   Code   RO         5152    i.__ARM_fpclassify  m_wm.l(fpclassify.o)
    0x08002b66   0x00000002   PAD
    0x08002b68   0x00000360   Code   RO         5055    i.__hardfp_asin     m_wm.l(asin.o)
    0x08002ec8   0x000002d8   Code   RO         5118    i.__hardfp_atan     m_wm.l(atan.o)
    0x080031a0   0x000001f0   Code   RO         5069    i.__hardfp_atan2    m_wm.l(atan2.o)
    0x08003390   0x000000f8   Code   RO         5154    i.__kernel_poly     m_wm.l(poly.o)
    0x08003488   0x00000014   Code   RO         5133    i.__mathlib_dbl_infnan  m_wm.l(dunder.o)
    0x0800349c   0x00000014   Code   RO         5134    i.__mathlib_dbl_infnan2  m_wm.l(dunder.o)
    0x080034b0   0x00000020   Code   RO         5135    i.__mathlib_dbl_invalid  m_wm.l(dunder.o)
    0x080034d0   0x00000020   Code   RO         5138    i.__mathlib_dbl_underflow  m_wm.l(dunder.o)
    0x080034f0   0x0000000e   Code   RO         5026    i._is_digit         c_w.l(__printf_wp.o)
    0x080034fe   0x00000004   Code   RO         4186    i._sys_exit         usart1.o
    0x08003502   0x00000002   PAD
    0x08003504   0x000000c0   Code   RO         4516    i.accel_self_test   inv_mpu.o
    0x080035c4   0x00000010   Code   RO         5120    i.atan              m_wm.l(atan.o)
    0x080035d4   0x00000032   Code   RO         4118    i.bsp_init          bsp.o
    0x08003606   0x00000002   PAD
    0x08003608   0x00000064   Code   RO         4817    i.decode_gesture    inv_mpu_dmp_motion_driver.o
    0x0800366c   0x0000004c   Code   RO         4073    i.delay_init        delay.o
    0x080036b8   0x0000003c   Code   RO         4074    i.delay_ms          delay.o
    0x080036f4   0x0000003c   Code   RO         4075    i.delay_us          delay.o
    0x08003730   0x0000003c   Code   RO         4818    i.dmp_enable_6x_lp_quat  inv_mpu_dmp_motion_driver.o
    0x0800376c   0x0000021c   Code   RO         4819    i.dmp_enable_feature  inv_mpu_dmp_motion_driver.o
    0x08003988   0x00000058   Code   RO         4820    i.dmp_enable_gyro_cal  inv_mpu_dmp_motion_driver.o
    0x080039e0   0x0000003c   Code   RO         4821    i.dmp_enable_lp_quat  inv_mpu_dmp_motion_driver.o
    0x08003a1c   0x00000018   Code   RO         4826    i.dmp_load_motion_driver_firmware  inv_mpu_dmp_motion_driver.o
    0x08003a34   0x000001cc   Code   RO         4827    i.dmp_read_fifo     inv_mpu_dmp_motion_driver.o
    0x08003c00   0x00000130   Code   RO         4830    i.dmp_set_accel_bias  inv_mpu_dmp_motion_driver.o
    0x08003d30   0x00000070   Code   RO         4831    i.dmp_set_fifo_rate  inv_mpu_dmp_motion_driver.o
    0x08003da0   0x00000130   Code   RO         4832    i.dmp_set_gyro_bias  inv_mpu_dmp_motion_driver.o
    0x08003ed0   0x00000138   Code   RO         4834    i.dmp_set_orientation  inv_mpu_dmp_motion_driver.o
    0x08004008   0x00000038   Code   RO         4837    i.dmp_set_shake_reject_thresh  inv_mpu_dmp_motion_driver.o
    0x08004040   0x00000026   Code   RO         4838    i.dmp_set_shake_reject_time  inv_mpu_dmp_motion_driver.o
    0x08004066   0x00000026   Code   RO         4839    i.dmp_set_shake_reject_timeout  inv_mpu_dmp_motion_driver.o
    0x0800408c   0x00000046   Code   RO         4840    i.dmp_set_tap_axes  inv_mpu_dmp_motion_driver.o
    0x080040d2   0x00000026   Code   RO         4841    i.dmp_set_tap_count  inv_mpu_dmp_motion_driver.o
    0x080040f8   0x000001c0   Code   RO         4842    i.dmp_set_tap_thresh  inv_mpu_dmp_motion_driver.o
    0x080042b8   0x00000026   Code   RO         4843    i.dmp_set_tap_time  inv_mpu_dmp_motion_driver.o
    0x080042de   0x00000026   Code   RO         4844    i.dmp_set_tap_time_multi  inv_mpu_dmp_motion_driver.o
    0x08004304   0x00000018   Code   RO         5148    i.fabs              m_wm.l(fabs.o)
    0x0800431c   0x0000001c   Code   RO         4187    i.fputc             usart1.o
    0x08004338   0x000000d0   Code   RO         4517    i.get_accel_prod_shift  inv_mpu.o
    0x08004408   0x00000470   Code   RO         4518    i.get_st_biases     inv_mpu.o
    0x08004878   0x0000011c   Code   RO         4519    i.gyro_self_test    inv_mpu.o
    0x08004994   0x00000076   Code   RO         4264    i.i2cRead           ioi2c.o
    0x08004a0a   0x00000060   Code   RO         4265    i.i2cWrite          ioi2c.o
    0x08004a6a   0x00000028   Code   RO         4406    i.inv_orientation_matrix_to_scalar  mpu6050.o
    0x08004a92   0x0000004e   Code   RO         4407    i.inv_row_2_scale   mpu6050.o
    0x08004ae0   0x0000000c   Code   RO            6    i.main              main.o
    0x08004aec   0x00000070   Code   RO         4520    i.mpu_configure_fifo  inv_mpu.o
    0x08004b5c   0x0000004c   Code   RO         4521    i.mpu_get_accel_fsr  inv_mpu.o
    0x08004ba8   0x00000054   Code   RO         4523    i.mpu_get_accel_sens  inv_mpu.o
    0x08004bfc   0x00000010   Code   RO         4528    i.mpu_get_fifo_config  inv_mpu.o
    0x08004c0c   0x00000044   Code   RO         4529    i.mpu_get_gyro_fsr  inv_mpu.o
    0x08004c50   0x00000060   Code   RO         4531    i.mpu_get_gyro_sens  inv_mpu.o
    0x08004cb0   0x00000050   Code   RO         4533    i.mpu_get_lpf       inv_mpu.o
    0x08004d00   0x00000020   Code   RO         4535    i.mpu_get_sample_rate  inv_mpu.o
    0x08004d20   0x000001f0   Code   RO         4537    i.mpu_init          inv_mpu.o
    0x08004f10   0x000000b8   Code   RO         4538    i.mpu_load_firmware  inv_mpu.o
    0x08004fc8   0x000000e0   Code   RO         4539    i.mpu_lp_accel_mode  inv_mpu.o
    0x080050a8   0x000000c0   Code   RO         4542    i.mpu_read_fifo_stream  inv_mpu.o
    0x08005168   0x00000080   Code   RO         4543    i.mpu_read_mem      inv_mpu.o
    0x080051e8   0x000001bc   Code   RO         4546    i.mpu_reset_fifo    inv_mpu.o
    0x080053a4   0x0000011c   Code   RO         4547    i.mpu_run_self_test  inv_mpu.o
    0x080054c0   0x00000084   Code   RO         4549    i.mpu_set_accel_fsr  inv_mpu.o
    0x08005544   0x0000014c   Code   RO         4550    i.mpu_set_bypass    inv_mpu.o
    0x08005690   0x00000090   Code   RO         4552    i.mpu_set_dmp_state  inv_mpu.o
    0x08005720   0x00000088   Code   RO         4553    i.mpu_set_gyro_fsr  inv_mpu.o
    0x080057a8   0x0000006c   Code   RO         4554    i.mpu_set_int_latched  inv_mpu.o
    0x08005814   0x00000084   Code   RO         4556    i.mpu_set_lpf       inv_mpu.o
    0x08005898   0x0000009c   Code   RO         4557    i.mpu_set_sample_rate  inv_mpu.o
    0x08005934   0x000000d0   Code   RO         4558    i.mpu_set_sensors   inv_mpu.o
    0x08005a04   0x00000080   Code   RO         4559    i.mpu_write_mem     inv_mpu.o
    0x08005a84   0x00000002   Code   RO         4560    i.myget_ms          inv_mpu.o
    0x08005a86   0x00000096   Code   RO         4408    i.run_self_test     mpu6050.o
    0x08005b1c   0x00000090   Code   RO         4561    i.set_int_enable    inv_mpu.o
    0x08005bac   0x0000006e   Code   RO         5159    i.sqrt              m_wm.l(sqrt.o)
    0x08005c1a   0x00000002   PAD
    0x08005c1c   0x000000ac   Code   RO         4188    i.uart_init         usart1.o
    0x08005cc8   0x0000002c   Code   RO         5234    locale$$code        c_w.l(lc_numeric_c.o)
    0x08005cf4   0x00000018   Code   RO         5097    x$fpl$basic         fz_wm.l(basic.o)
    0x08005d0c   0x00000062   Code   RO         5047    x$fpl$d2f           fz_wm.l(d2f.o)
    0x08005d6e   0x00000002   PAD
    0x08005d70   0x00000150   Code   RO         5099    x$fpl$dadd          fz_wm.l(daddsub_clz.o)
    0x08005ec0   0x000002b0   Code   RO         5106    x$fpl$ddiv          fz_wm.l(ddiv.o)
    0x08006170   0x00000154   Code   RO         5049    x$fpl$dmul          fz_wm.l(dmul.o)
    0x080062c4   0x0000009c   Code   RO         5109    x$fpl$dnaninf       fz_wm.l(dnaninf.o)
    0x08006360   0x0000000c   Code   RO         5111    x$fpl$dretinf       fz_wm.l(dretinf.o)
    0x0800636c   0x00000016   Code   RO         5100    x$fpl$drsb          fz_wm.l(daddsub_clz.o)
    0x08006382   0x00000002   PAD
    0x08006384   0x00000198   Code   RO         5240    x$fpl$dsqrt         fz_wm.l(dsqrt_umaal.o)
    0x0800651c   0x000001d4   Code   RO         5101    x$fpl$dsub          fz_wm.l(daddsub_clz.o)
    0x080066f0   0x00000056   Code   RO         5051    x$fpl$f2d           fz_wm.l(f2d.o)
    0x08006746   0x0000008c   Code   RO         5113    x$fpl$fnaninf       fz_wm.l(fnaninf.o)
    0x080067d2   0x0000000a   Code   RO         5318    x$fpl$fpinit        fz_wm.l(fpinit.o)
    0x080067dc   0x0000000a   Code   RO         5115    x$fpl$fretinf       fz_wm.l(fretinf.o)
    0x080067e6   0x00000004   Code   RO         5053    x$fpl$printf1       fz_wm.l(printf1.o)
    0x080067ea   0x00000000   Code   RO         5117    x$fpl$usenofp       fz_wm.l(usenofp.o)
    0x080067ea   0x00000002   PAD
    0x080067ec   0x00000050   Data   RO         4562    .constdata          inv_mpu.o
    0x0800683c   0x00000bf6   Data   RO         4846    .constdata          inv_mpu_dmp_motion_driver.o
    0x08007432   0x00000006   PAD
    0x08007438   0x00000050   Data   RO         5058    .constdata          m_wm.l(asin.o)
    0x08007488   0x00000098   Data   RO         5121    .constdata          m_wm.l(atan.o)
    0x08007520   0x00000008   Data   RO         5156    .constdata          m_wm.l(qnan.o)
    0x08007528   0x00000094   Data   RO         5205    .constdata          c_w.l(bigflt0.o)
    0x080075bc   0x0000004e   Data   RO         4563    .conststring        inv_mpu.o
    0x0800760a   0x00000002   PAD
    0x0800760c   0x00000020   Data   RO         5389    Region$$Table       anon$$obj.o
    0x0800762c   0x0000001c   Data   RO         5233    locale$$data        c_w.l(lc_numeric_c.o)


    Execution Region RW_IRAM1 (Base: 0x20000000, Size: 0x00000708, Max: 0x00020000, ABSOLUTE)

    Base Addr    Size         Type   Attr      Idx    E Section Name        Object

    0x20000000   0x00000004   Data   RW            7    .data               main.o
    0x20000004   0x00000014   Data   RW          288    .data               system_stm32f4xx.o
    0x20000018   0x00000010   Data   RW         2179    .data               stm32f4xx_rcc.o
    0x20000028   0x00000004   Data   RW         4076    .data               delay.o
    0x2000002c   0x00000004   Data   RW         4189    .data               usart1.o
    0x20000030   0x0000003c   Data   RW         4410    .data               mpu6050.o
    0x2000006c   0x0000002c   Data   RW         4564    .data               inv_mpu.o
    0x20000098   0x00000010   Zero   RW         4845    .bss                inv_mpu_dmp_motion_driver.o
    0x200000a8   0x00000060   Zero   RW         5245    .bss                c_w.l(libspace.o)
    0x20000108   0x00000200   Zero   RW          324    HEAP                startup_stm32f40xx.o
    0x20000308   0x00000400   Zero   RW          323    STACK               startup_stm32f40xx.o


==============================================================================

Image component sizes


      Code (inc. data)   RO Data    RW Data    ZI Data      Debug   Object Name

        90          8          0          0          0       1086   bsp.o
       316         24          0          4          0       2399   delay.o
       116          4          0          0          0        704   intsever.o
      5958        298        158         44          0      28066   inv_mpu.o
      3128        138       3062          0         16      21138   inv_mpu_dmp_motion_driver.o
      1410         98          0          0          0      11215   ioi2c.o
        60          8          0          0          0        536   led.o
        60         10          0          4          0     275572   main.o
       160         14          0          0          0       1550   misc.o
      1870        518          0         60          0      34964   mpu6050.o
        64         26        392          0       1536        844   startup_stm32f40xx.o
       160         12          0          0          0       1505   stm32f4xx_exti.o
       120         24          0          0          0       2190   stm32f4xx_flash.o
       214          0          0          0          0       1775   stm32f4xx_gpio.o
        32          0          0          0          0       4122   stm32f4xx_it.o
       724        102          0         16          0      11087   stm32f4xx_rcc.o
        64          4          0          0          0        656   stm32f4xx_syscfg.o
       364          8          0          0          0       4632   stm32f4xx_usart.o
       340         32          0         20          0       1837   system_stm32f4xx.o
       272         20          0          4          0       4679   usart1.o

    ----------------------------------------------------------------------
     15538       1348       3652        152       1552     410557   Object Totals
         0          0         32          0          0          0   (incl. Generated)
        16          0          8          0          0          0   (incl. Padding)

    ----------------------------------------------------------------------

      Code (inc. data)   RO Data    RW Data    ZI Data      Debug   Library Member Name

         8          0          0          0          0         68   __main.o
       284          0          0          0          0        156   __printf_wp.o
         0          0          0          0          0          0   __rtentry.o
        12          0          0          0          0          0   __rtentry2.o
         6          0          0          0          0          0   __rtentry4.o
        52          8          0          0          0          0   __scatter.o
        26          0          0          0          0          0   __scatter_copy.o
        28          0          0          0          0          0   __scatter_zi.o
        48          6          0          0          0         96   _printf_char_common.o
        36          4          0          0          0         80   _printf_char_file.o
         6          0          0          0          0          0   _printf_d.o
       120         16          0          0          0         92   _printf_dec.o
         6          0          0          0          0          0   _printf_f.o
      1050          0          0          0          0        216   _printf_fp_dec.o
       128         16          0          0          0         84   _printf_fp_infnan.o
       178          0          0          0          0         88   _printf_intcommon.o
         0          0          0          0          0          0   _printf_percent.o
         4          0          0          0          0          0   _printf_percent_end.o
        22          0          0          0          0        100   _rserrno.o
        16          0          0          0          0         68   aeabi_memset.o
       220          4        148          0          0         96   bigflt0.o
      1910        128          0          0          0        672   btod.o
        18          0          0          0          0         80   exit.o
         8          0          0          0          0         68   ferror.o
         6          0          0          0          0        152   heapauxi.o
        44         10         28          0          0         76   lc_numeric_c.o
         2          0          0          0          0          0   libinit.o
        22          0          0          0          0          0   libinit2.o
         2          0          0          0          0          0   libshutdown.o
         2          0          0          0          0          0   libshutdown2.o
         8          4          0          0         96         68   libspace.o
        72          0          0          0          0         76   llsdiv.o
       138          0          0          0          0         80   lludiv10.o
       238          0          0          0          0        100   lludivv7m.o
        88          0          0          0          0         76   memcmp.o
        24          4          0          0          0         84   noretval__2printf.o
         8          4          0          0          0         68   rt_errno_addr_intlibspace.o
         8          4          0          0          0         68   rt_locale_intlibspace.o
        68          0          0          0          0         68   rt_memclr.o
        78          0          0          0          0         80   rt_memclr_w.o
         2          0          0          0          0          0   rtexit.o
        10          0          0          0          0          0   rtexit2.o
       128          0          0          0          0         68   strcmpv7m.o
        74          0          0          0          0         80   sys_stackheap_outer.o
         2          0          0          0          0         68   use_no_semi.o
         2          0          0          0          0         68   use_no_semi_2.o
        24          0          0          0          0        164   basic.o
        98          4          0          0          0        140   d2f.o
       826         16          0          0          0        492   daddsub_clz.o
       688        140          0          0          0        256   ddiv.o
       340         12          0          0          0        152   dmul.o
       156          4          0          0          0        140   dnaninf.o
        12          0          0          0          0        116   dretinf.o
       408         56          0          0          0        168   dsqrt_umaal.o
        86          4          0          0          0        132   f2d.o
       140          4          0          0          0        132   fnaninf.o
        10          0          0          0          0        116   fpinit.o
        10          0          0          0          0        116   fretinf.o
         4          0          0          0          0        116   printf1.o
         0          0          0          0          0          0   usenofp.o
       864         94         80          0          0        280   asin.o
       744        106        152          0          0        352   atan.o
       496         64          0          0          0        192   atan2.o
       104         16          0          0          0        496   dunder.o
        24          0          0          0          0        124   fabs.o
        48          0          0          0          0        124   fpclassify.o
       248          0          0          0          0        152   poly.o
         0          0          8          0          0          0   qnan.o
       110          0          0          0          0        148   sqrt.o

    ----------------------------------------------------------------------
     10674        728        416          0         96       7352   Library Totals
        22          0          0          0          0          0   (incl. Padding)

    ----------------------------------------------------------------------

      Code (inc. data)   RO Data    RW Data    ZI Data      Debug   Library Name

      5212        208        176          0         96       3244   c_w.l
      2802        240          0          0          0       2240   fz_wm.l
      2638        280        240          0          0       1868   m_wm.l

    ----------------------------------------------------------------------
     10674        728        416          0         96       7352   Library Totals

    ----------------------------------------------------------------------

==============================================================================


      Code (inc. data)   RO Data    RW Data    ZI Data      Debug   

     26212       2076       4068        152       1648     400589   Grand Totals
     26212       2076       4068        152       1648     400589   ELF Image Totals
     26212       2076       4068        152          0          0   ROM Totals

==============================================================================

    Total RO  Size (Code + RO Data)                30280 (  29.57kB)
    Total RW  Size (RW Data + ZI Data)              1800 (   1.76kB)
    Total ROM Size (Code + RO Data + RW Data)      30432 (  29.72kB)

==============================================================================

